Archive member included to satisfy reference by file (symbol)

c:/program files (x86)/embitz/1.11/share/em_armgcc/bin/../lib/gcc/arm-none-eabi/5.4.1/armv6-m\libgcc.a(_udivsi3.o)
                              obj\release\lpc_chip_11u6x\src\adc_11u6x.o (__aeabi_uidiv)
c:/program files (x86)/embitz/1.11/share/em_armgcc/bin/../lib/gcc/arm-none-eabi/5.4.1/armv6-m\libgcc.a(_dvmd_tls.o)
                              c:/program files (x86)/embitz/1.11/share/em_armgcc/bin/../lib/gcc/arm-none-eabi/5.4.1/armv6-m\libgcc.a(_udivsi3.o) (__aeabi_idiv0)
c:/program files (x86)/embitz/1.11/share/em_armgcc/bin/../lib/gcc/arm-none-eabi/5.4.1/armv6-m\libgcc.a(_aeabi_uldivmod.o)
                              obj\release\lpc_chip_11u6x\src\clock_11u6x.o (__aeabi_uldivmod)
c:/program files (x86)/embitz/1.11/share/em_armgcc/bin/../lib/gcc/arm-none-eabi/5.4.1/armv6-m\libgcc.a(_udivmoddi4.o)
                              c:/program files (x86)/embitz/1.11/share/em_armgcc/bin/../lib/gcc/arm-none-eabi/5.4.1/armv6-m\libgcc.a(_aeabi_uldivmod.o) (__udivmoddi4)
c:/program files (x86)/embitz/1.11/share/em_armgcc/bin/../lib/gcc/arm-none-eabi/5.4.1/armv6-m\libgcc.a(_clzdi2.o)
                              c:/program files (x86)/embitz/1.11/share/em_armgcc/bin/../lib/gcc/arm-none-eabi/5.4.1/armv6-m\libgcc.a(_udivmoddi4.o) (__clzdi2)
c:/program files (x86)/embitz/1.11/share/em_armgcc/bin/../lib/gcc/arm-none-eabi/5.4.1/armv6-m\libgcc.a(_clzsi2.o)
                              c:/program files (x86)/embitz/1.11/share/em_armgcc/bin/../lib/gcc/arm-none-eabi/5.4.1/armv6-m\libgcc.a(_clzdi2.o) (__clzsi2)
c:/program files (x86)/embitz/1.11/share/em_armgcc/bin/../lib/gcc/arm-none-eabi/5.4.1/../../../../arm-none-eabi/lib/armv6-m\libg.a(lib_a-exit.o)
                              c:/program files (x86)/embitz/1.11/share/em_armgcc/bin/../lib/gcc/arm-none-eabi/5.4.1/../../../../arm-none-eabi/lib/armv6-m/crt0.o (exit)
c:/program files (x86)/embitz/1.11/share/em_armgcc/bin/../lib/gcc/arm-none-eabi/5.4.1/../../../../arm-none-eabi/lib/armv6-m\libg.a(lib_a-impure.o)
                              c:/program files (x86)/embitz/1.11/share/em_armgcc/bin/../lib/gcc/arm-none-eabi/5.4.1/../../../../arm-none-eabi/lib/armv6-m\libg.a(lib_a-exit.o) (_global_impure_ptr)
c:/program files (x86)/embitz/1.11/share/em_armgcc/bin/../lib/gcc/arm-none-eabi/5.4.1/../../../../arm-none-eabi/lib/armv6-m\libg.a(lib_a-init.o)
                              c:/program files (x86)/embitz/1.11/share/em_armgcc/bin/../lib/gcc/arm-none-eabi/5.4.1/../../../../arm-none-eabi/lib/armv6-m/crt0.o (__libc_init_array)
c:/program files (x86)/embitz/1.11/share/em_armgcc/bin/../lib/gcc/arm-none-eabi/5.4.1/../../../../arm-none-eabi/lib/armv6-m\libg.a(lib_a-memcpy-stub.o)
                              obj\release\src\main.o (memcpy)
c:/program files (x86)/embitz/1.11/share/em_armgcc/bin/../lib/gcc/arm-none-eabi/5.4.1/../../../../arm-none-eabi/lib/armv6-m\libg.a(lib_a-memset.o)
                              c:/program files (x86)/embitz/1.11/share/em_armgcc/bin/../lib/gcc/arm-none-eabi/5.4.1/../../../../arm-none-eabi/lib/armv6-m/crt0.o (memset)
c:/program files (x86)/embitz/1.11/share/em_armgcc/bin/../lib/gcc/arm-none-eabi/5.4.1/../../../../arm-none-eabi/lib/armv6-m\libg.a(lib_a-__call_atexit.o)
                              c:/program files (x86)/embitz/1.11/share/em_armgcc/bin/../lib/gcc/arm-none-eabi/5.4.1/../../../../arm-none-eabi/lib/armv6-m\libg.a(lib_a-exit.o) (__call_exitprocs)
c:/program files (x86)/embitz/1.11/share/em_armgcc/bin/../lib/gcc/arm-none-eabi/5.4.1/../../../../arm-none-eabi/lib/armv6-m\libg.a(lib_a-atexit.o)
                              c:/program files (x86)/embitz/1.11/share/em_armgcc/bin/../lib/gcc/arm-none-eabi/5.4.1/../../../../arm-none-eabi/lib/armv6-m\libg.a(lib_a-__call_atexit.o) (atexit)
c:/program files (x86)/embitz/1.11/share/em_armgcc/bin/../lib/gcc/arm-none-eabi/5.4.1/../../../../arm-none-eabi/lib/armv6-m\libg.a(lib_a-fini.o)
                              c:/program files (x86)/embitz/1.11/share/em_armgcc/bin/../lib/gcc/arm-none-eabi/5.4.1/../../../../arm-none-eabi/lib/armv6-m\libg.a(lib_a-__call_atexit.o) (__libc_fini_array)
c:/program files (x86)/embitz/1.11/share/em_armgcc/bin/../lib/gcc/arm-none-eabi/5.4.1/../../../../arm-none-eabi/lib/armv6-m\libg.a(lib_a-__atexit.o)
                              c:/program files (x86)/embitz/1.11/share/em_armgcc/bin/../lib/gcc/arm-none-eabi/5.4.1/../../../../arm-none-eabi/lib/armv6-m\libg.a(lib_a-atexit.o) (__register_exitproc)
c:/program files (x86)/embitz/1.11/share/em_armgcc/bin/../lib/gcc/arm-none-eabi/5.4.1/../../../../arm-none-eabi/lib/armv6-m\libnosys.a(_exit.o)
                              c:/program files (x86)/embitz/1.11/share/em_armgcc/bin/../lib/gcc/arm-none-eabi/5.4.1/../../../../arm-none-eabi/lib/armv6-m\libg.a(lib_a-exit.o) (_exit)

Allocating common symbols
Common symbol       size              file

SystemCoreClock     0x4               obj\release\lpc_chip_11u6x\src\chip_11u6x.o

Discarded input sections

 .text          0x00000000        0x0 c:/program files (x86)/embitz/1.11/share/em_armgcc/bin/../lib/gcc/arm-none-eabi/5.4.1/armv6-m/crti.o
 .data          0x00000000        0x0 c:/program files (x86)/embitz/1.11/share/em_armgcc/bin/../lib/gcc/arm-none-eabi/5.4.1/armv6-m/crti.o
 .bss           0x00000000        0x0 c:/program files (x86)/embitz/1.11/share/em_armgcc/bin/../lib/gcc/arm-none-eabi/5.4.1/armv6-m/crti.o
 .data          0x00000000        0x4 c:/program files (x86)/embitz/1.11/share/em_armgcc/bin/../lib/gcc/arm-none-eabi/5.4.1/armv6-m/crtbegin.o
 .fini_array    0x00000000        0x4 c:/program files (x86)/embitz/1.11/share/em_armgcc/bin/../lib/gcc/arm-none-eabi/5.4.1/armv6-m/crtbegin.o
 .text          0x00000000       0x78 c:/program files (x86)/embitz/1.11/share/em_armgcc/bin/../lib/gcc/arm-none-eabi/5.4.1/../../../../arm-none-eabi/lib/armv6-m/crt0.o
 .data          0x00000000        0x0 c:/program files (x86)/embitz/1.11/share/em_armgcc/bin/../lib/gcc/arm-none-eabi/5.4.1/../../../../arm-none-eabi/lib/armv6-m/crt0.o
 .bss           0x00000000        0x0 c:/program files (x86)/embitz/1.11/share/em_armgcc/bin/../lib/gcc/arm-none-eabi/5.4.1/../../../../arm-none-eabi/lib/armv6-m/crt0.o
 .ARM.extab     0x00000000        0x0 c:/program files (x86)/embitz/1.11/share/em_armgcc/bin/../lib/gcc/arm-none-eabi/5.4.1/../../../../arm-none-eabi/lib/armv6-m/crt0.o
 .ARM.exidx     0x00000000        0x8 c:/program files (x86)/embitz/1.11/share/em_armgcc/bin/../lib/gcc/arm-none-eabi/5.4.1/../../../../arm-none-eabi/lib/armv6-m/crt0.o
 .ARM.attributes
                0x00000000       0x1b c:/program files (x86)/embitz/1.11/share/em_armgcc/bin/../lib/gcc/arm-none-eabi/5.4.1/../../../../arm-none-eabi/lib/armv6-m/crt0.o
 .text          0x00000000        0x0 obj\release\lpc_chip_11u6x\src\adc_11u6x.o
 .data          0x00000000        0x0 obj\release\lpc_chip_11u6x\src\adc_11u6x.o
 .bss           0x00000000        0x0 obj\release\lpc_chip_11u6x\src\adc_11u6x.o
 .text.Chip_ADC_SetIntBits
                0x00000000        0xc obj\release\lpc_chip_11u6x\src\adc_11u6x.o
 .text.Chip_ADC_SetTHRSELBits
                0x00000000        0xc obj\release\lpc_chip_11u6x\src\adc_11u6x.o
 .text.Chip_ADC_Init
                0x00000000       0x28 obj\release\lpc_chip_11u6x\src\adc_11u6x.o
 .text.Chip_ADC_StartCalibration
                0x00000000       0x48 obj\release\lpc_chip_11u6x\src\adc_11u6x.o
 .text.Chip_ADC_IsCalibrationDone
                0x00000000        0xc obj\release\lpc_chip_11u6x\src\adc_11u6x.o
 .text.Chip_ADC_DeInit
                0x00000000       0x24 obj\release\lpc_chip_11u6x\src\adc_11u6x.o
 .text.Chip_ADC_SetClockRate
                0x00000000       0x24 obj\release\lpc_chip_11u6x\src\adc_11u6x.o
 .text.Chip_ADC_SetSequencerBits
                0x00000000       0x14 obj\release\lpc_chip_11u6x\src\adc_11u6x.o
 .text.Chip_ADC_ClearSequencerBits
                0x00000000       0x14 obj\release\lpc_chip_11u6x\src\adc_11u6x.o
 .text.Chip_ADC_EnableInt
                0x00000000        0xc obj\release\lpc_chip_11u6x\src\adc_11u6x.o
 .text.Chip_ADC_DisableInt
                0x00000000        0xc obj\release\lpc_chip_11u6x\src\adc_11u6x.o
 .text.Chip_ADC_ClearIntBits
                0x00000000        0x8 obj\release\lpc_chip_11u6x\src\adc_11u6x.o
 .text.Chip_ADC_SetThresholdInt
                0x00000000       0x24 obj\release\lpc_chip_11u6x\src\adc_11u6x.o
 .text.Chip_ADC_SelectTH0Channels
                0x00000000        0xc obj\release\lpc_chip_11u6x\src\adc_11u6x.o
 .text.Chip_ADC_ClearTHRSELBits
                0x00000000        0x8 obj\release\lpc_chip_11u6x\src\adc_11u6x.o
 .text.Chip_ADC_SelectTH1Channels
                0x00000000        0xc obj\release\lpc_chip_11u6x\src\adc_11u6x.o
 .debug_info    0x00000000      0xdde obj\release\lpc_chip_11u6x\src\adc_11u6x.o
 .debug_abbrev  0x00000000      0x2ca obj\release\lpc_chip_11u6x\src\adc_11u6x.o
 .debug_loc     0x00000000      0x511 obj\release\lpc_chip_11u6x\src\adc_11u6x.o
 .debug_aranges
                0x00000000       0x88 obj\release\lpc_chip_11u6x\src\adc_11u6x.o
 .debug_ranges  0x00000000      0x150 obj\release\lpc_chip_11u6x\src\adc_11u6x.o
 .debug_line    0x00000000      0x30f obj\release\lpc_chip_11u6x\src\adc_11u6x.o
 .debug_str     0x00000000      0xa30 obj\release\lpc_chip_11u6x\src\adc_11u6x.o
 .comment       0x00000000       0x6f obj\release\lpc_chip_11u6x\src\adc_11u6x.o
 .debug_frame   0x00000000      0x154 obj\release\lpc_chip_11u6x\src\adc_11u6x.o
 .ARM.attributes
                0x00000000       0x31 obj\release\lpc_chip_11u6x\src\adc_11u6x.o
 .text          0x00000000        0x0 obj\release\lpc_chip_11u6x\src\chip_11u6x.o
 .data          0x00000000        0x0 obj\release\lpc_chip_11u6x\src\chip_11u6x.o
 .bss           0x00000000        0x0 obj\release\lpc_chip_11u6x\src\chip_11u6x.o
 .text.SystemCoreClockUpdate
                0x00000000       0x10 obj\release\lpc_chip_11u6x\src\chip_11u6x.o
 .text.Chip_USB_Init
                0x00000000       0x50 obj\release\lpc_chip_11u6x\src\chip_11u6x.o
 .debug_info    0x00000000      0x8e4 obj\release\lpc_chip_11u6x\src\chip_11u6x.o
 .debug_abbrev  0x00000000      0x1cc obj\release\lpc_chip_11u6x\src\chip_11u6x.o
 .debug_loc     0x00000000       0x50 obj\release\lpc_chip_11u6x\src\chip_11u6x.o
 .debug_aranges
                0x00000000       0x28 obj\release\lpc_chip_11u6x\src\chip_11u6x.o
 .debug_ranges  0x00000000       0x80 obj\release\lpc_chip_11u6x\src\chip_11u6x.o
 .debug_line    0x00000000      0x1d6 obj\release\lpc_chip_11u6x\src\chip_11u6x.o
 .debug_str     0x00000000      0xa89 obj\release\lpc_chip_11u6x\src\chip_11u6x.o
 .comment       0x00000000       0x6f obj\release\lpc_chip_11u6x\src\chip_11u6x.o
 .debug_frame   0x00000000       0x40 obj\release\lpc_chip_11u6x\src\chip_11u6x.o
 .ARM.attributes
                0x00000000       0x31 obj\release\lpc_chip_11u6x\src\chip_11u6x.o
 COMMON         0x00000000        0x4 obj\release\lpc_chip_11u6x\src\chip_11u6x.o
 .text          0x00000000        0x0 obj\release\lpc_chip_11u6x\src\clock_11u6x.o
 .data          0x00000000        0x0 obj\release\lpc_chip_11u6x\src\clock_11u6x.o
 .bss           0x00000000        0x0 obj\release\lpc_chip_11u6x\src\clock_11u6x.o
 .text.Chip_Clock_SetPLLBypass
                0x00000000       0x14 obj\release\lpc_chip_11u6x\src\clock_11u6x.o
 .text.Chip_Clock_SetUSBPLLSource
                0x00000000       0x14 obj\release\lpc_chip_11u6x\src\clock_11u6x.o
 .text.Chip_Clock_SetUSBClockSource
                0x00000000       0x1c obj\release\lpc_chip_11u6x\src\clock_11u6x.o
 .text.Chip_Clock_SetCLKOUTSource
                0x00000000       0x1c obj\release\lpc_chip_11u6x\src\clock_11u6x.o
 .text.Chip_Clock_GetWDTOSCRate
                0x00000000       0x28 obj\release\lpc_chip_11u6x\src\clock_11u6x.o
 .text.Chip_Clock_GetSystemPLLInClockRate
                0x00000000       0x38 obj\release\lpc_chip_11u6x\src\clock_11u6x.o
 .text.Chip_Clock_GetSystemPLLOutClockRate
                0x00000000       0x5c obj\release\lpc_chip_11u6x\src\clock_11u6x.o
 .text.Chip_Clock_GetUSBPLLInClockRate
                0x00000000       0x28 obj\release\lpc_chip_11u6x\src\clock_11u6x.o
 .text.Chip_Clock_GetUSBPLLOutClockRate
                0x00000000       0x40 obj\release\lpc_chip_11u6x\src\clock_11u6x.o
 .text.Chip_Clock_GetUSARTNBaseClockRate
                0x00000000       0x40 obj\release\lpc_chip_11u6x\src\clock_11u6x.o
 .text.Chip_Clock_SetUSARTNBaseClockRate
                0x00000000       0x6c obj\release\lpc_chip_11u6x\src\clock_11u6x.o
 .text          0x00000000        0x0 obj\release\lpc_chip_11u6x\src\gpio_11u6x.o
 .data          0x00000000        0x0 obj\release\lpc_chip_11u6x\src\gpio_11u6x.o
 .bss           0x00000000        0x0 obj\release\lpc_chip_11u6x\src\gpio_11u6x.o
 .text.Chip_GPIO_Init
                0x00000000       0x14 obj\release\lpc_chip_11u6x\src\gpio_11u6x.o
 .text.Chip_GPIO_DeInit
                0x00000000       0x14 obj\release\lpc_chip_11u6x\src\gpio_11u6x.o
 .text.Chip_GPIO_WriteDirBit
                0x00000000       0x28 obj\release\lpc_chip_11u6x\src\gpio_11u6x.o
 .text.Chip_GPIO_SetDir
                0x00000000       0x20 obj\release\lpc_chip_11u6x\src\gpio_11u6x.o
 .text.Chip_GPIO_SetPinDIR
                0x00000000       0x28 obj\release\lpc_chip_11u6x\src\gpio_11u6x.o
 .text.Chip_GPIO_SetPortDIR
                0x00000000       0x1c obj\release\lpc_chip_11u6x\src\gpio_11u6x.o
 .debug_info    0x00000000      0xa7c obj\release\lpc_chip_11u6x\src\gpio_11u6x.o
 .debug_abbrev  0x00000000      0x1b9 obj\release\lpc_chip_11u6x\src\gpio_11u6x.o
 .debug_loc     0x00000000      0x34e obj\release\lpc_chip_11u6x\src\gpio_11u6x.o
 .debug_aranges
                0x00000000       0x48 obj\release\lpc_chip_11u6x\src\gpio_11u6x.o
 .debug_ranges  0x00000000       0x98 obj\release\lpc_chip_11u6x\src\gpio_11u6x.o
 .debug_line    0x00000000      0x220 obj\release\lpc_chip_11u6x\src\gpio_11u6x.o
 .debug_str     0x00000000      0x85e obj\release\lpc_chip_11u6x\src\gpio_11u6x.o
 .comment       0x00000000       0x6f obj\release\lpc_chip_11u6x\src\gpio_11u6x.o
 .debug_frame   0x00000000       0x80 obj\release\lpc_chip_11u6x\src\gpio_11u6x.o
 .ARM.attributes
                0x00000000       0x31 obj\release\lpc_chip_11u6x\src\gpio_11u6x.o
 .text          0x00000000        0x0 obj\release\lpc_chip_11u6x\src\gpiogroup_11u6x.o
 .data          0x00000000        0x0 obj\release\lpc_chip_11u6x\src\gpiogroup_11u6x.o
 .bss           0x00000000        0x0 obj\release\lpc_chip_11u6x\src\gpiogroup_11u6x.o
 .debug_info    0x00000000       0xaa obj\release\lpc_chip_11u6x\src\gpiogroup_11u6x.o
 .debug_abbrev  0x00000000       0x4b obj\release\lpc_chip_11u6x\src\gpiogroup_11u6x.o
 .debug_aranges
                0x00000000       0x18 obj\release\lpc_chip_11u6x\src\gpiogroup_11u6x.o
 .debug_line    0x00000000       0xfb obj\release\lpc_chip_11u6x\src\gpiogroup_11u6x.o
 .debug_str     0x00000000      0x196 obj\release\lpc_chip_11u6x\src\gpiogroup_11u6x.o
 .comment       0x00000000       0x6f obj\release\lpc_chip_11u6x\src\gpiogroup_11u6x.o
 .ARM.attributes
                0x00000000       0x31 obj\release\lpc_chip_11u6x\src\gpiogroup_11u6x.o
 .text          0x00000000        0x0 obj\release\lpc_chip_11u6x\src\iocon_11u6x.o
 .data          0x00000000        0x0 obj\release\lpc_chip_11u6x\src\iocon_11u6x.o
 .bss           0x00000000        0x0 obj\release\lpc_chip_11u6x\src\iocon_11u6x.o
 .text.Chip_IOCON_SetPinMuxing
                0x00000000       0x48 obj\release\lpc_chip_11u6x\src\iocon_11u6x.o
 .text.Chip_IOCON_GetPinMux
                0x00000000       0x30 obj\release\lpc_chip_11u6x\src\iocon_11u6x.o
 .text          0x00000000        0x0 obj\release\lpc_chip_11u6x\src\syscon_11u6x.o
 .data          0x00000000        0x0 obj\release\lpc_chip_11u6x\src\syscon_11u6x.o
 .bss           0x00000000        0x0 obj\release\lpc_chip_11u6x\src\syscon_11u6x.o
 .text.Chip_SYSCTL_SetPinInterrupt
                0x00000000       0x24 obj\release\lpc_chip_11u6x\src\syscon_11u6x.o
 .text.Chip_SYSCTL_SetDeepSleepPD
                0x00000000       0x18 obj\release\lpc_chip_11u6x\src\syscon_11u6x.o
 .text.Chip_SYSCTL_SetWakeup
                0x00000000       0x1c obj\release\lpc_chip_11u6x\src\syscon_11u6x.o
 .text          0x00000000        0x0 obj\release\lpc_chip_11u6x\src\sysinit_11u6x.o
 .data          0x00000000        0x0 obj\release\lpc_chip_11u6x\src\sysinit_11u6x.o
 .bss           0x00000000        0x0 obj\release\lpc_chip_11u6x\src\sysinit_11u6x.o
 .text.Chip_SetupXtalClocking
                0x00000000       0x70 obj\release\lpc_chip_11u6x\src\sysinit_11u6x.o
 .text          0x00000000        0x0 obj\release\lpc_chip_11u6x\src\timer_11u6x.o
 .data          0x00000000        0x0 obj\release\lpc_chip_11u6x\src\timer_11u6x.o
 .bss           0x00000000        0x0 obj\release\lpc_chip_11u6x\src\timer_11u6x.o
 .text.Chip_TIMER_DeInit
                0x00000000       0x4c obj\release\lpc_chip_11u6x\src\timer_11u6x.o
 .text.Chip_TIMER_Reset
                0x00000000       0x18 obj\release\lpc_chip_11u6x\src\timer_11u6x.o
 .text.Chip_TIMER_ExtMatchControlSet
                0x00000000       0x24 obj\release\lpc_chip_11u6x\src\timer_11u6x.o
 .text          0x00000000        0x0 obj\release\lpc_chip_11u6x\src\wwdt_11u6x.o
 .data          0x00000000        0x0 obj\release\lpc_chip_11u6x\src\wwdt_11u6x.o
 .bss           0x00000000        0x0 obj\release\lpc_chip_11u6x\src\wwdt_11u6x.o
 .text.Chip_WWDT_Init
                0x00000000       0x30 obj\release\lpc_chip_11u6x\src\wwdt_11u6x.o
 .text.Chip_WWDT_DeInit
                0x00000000       0x18 obj\release\lpc_chip_11u6x\src\wwdt_11u6x.o
 .text.Chip_WWDT_ClearStatusFlag
                0x00000000       0x1c obj\release\lpc_chip_11u6x\src\wwdt_11u6x.o
 .debug_info    0x00000000      0x767 obj\release\lpc_chip_11u6x\src\wwdt_11u6x.o
 .debug_abbrev  0x00000000      0x14d obj\release\lpc_chip_11u6x\src\wwdt_11u6x.o
 .debug_loc     0x00000000       0x49 obj\release\lpc_chip_11u6x\src\wwdt_11u6x.o
 .debug_aranges
                0x00000000       0x30 obj\release\lpc_chip_11u6x\src\wwdt_11u6x.o
 .debug_ranges  0x00000000       0x58 obj\release\lpc_chip_11u6x\src\wwdt_11u6x.o
 .debug_line    0x00000000      0x1c4 obj\release\lpc_chip_11u6x\src\wwdt_11u6x.o
 .debug_str     0x00000000      0x792 obj\release\lpc_chip_11u6x\src\wwdt_11u6x.o
 .comment       0x00000000       0x6f obj\release\lpc_chip_11u6x\src\wwdt_11u6x.o
 .debug_frame   0x00000000       0x48 obj\release\lpc_chip_11u6x\src\wwdt_11u6x.o
 .ARM.attributes
                0x00000000       0x31 obj\release\lpc_chip_11u6x\src\wwdt_11u6x.o
 .text          0x00000000        0x0 obj\release\src\main.o
 .data          0x00000000        0x0 obj\release\src\main.o
 .bss           0x00000000        0x0 obj\release\src\main.o
 .text.pwmConfig
                0x00000000       0x40 obj\release\src\main.o
 .text.getTime  0x00000000        0xc obj\release\src\main.o
 .text.switchOutPin
                0x00000000       0x18 obj\release\src\main.o
 .text          0x00000000        0x0 obj\release\startup_lpc11u68.o
 .data          0x00000000        0x0 obj\release\startup_lpc11u68.o
 .bss           0x00000000        0x0 obj\release\startup_lpc11u68.o
 .text.data_init
                0x00000000       0x14 obj\release\startup_lpc11u68.o
 .text.bss_init
                0x00000000       0x14 obj\release\startup_lpc11u68.o
 .text.MemManage_Handler
                0x00000000        0x4 obj\release\startup_lpc11u68.o
 .text.BusFault_Handler
                0x00000000        0x4 obj\release\startup_lpc11u68.o
 .text.UsageFault_Handler
                0x00000000        0x4 obj\release\startup_lpc11u68.o
 .text.DebugMon_Handler
                0x00000000        0x4 obj\release\startup_lpc11u68.o
 .text.__aeabi_atexit
                0x00000000        0x4 obj\release\startup_lpc11u68.o
 .data          0x00000000        0x0 c:/program files (x86)/embitz/1.11/share/em_armgcc/bin/../lib/gcc/arm-none-eabi/5.4.1/armv6-m\libgcc.a(_udivsi3.o)
 .bss           0x00000000        0x0 c:/program files (x86)/embitz/1.11/share/em_armgcc/bin/../lib/gcc/arm-none-eabi/5.4.1/armv6-m\libgcc.a(_udivsi3.o)
 .data          0x00000000        0x0 c:/program files (x86)/embitz/1.11/share/em_armgcc/bin/../lib/gcc/arm-none-eabi/5.4.1/armv6-m\libgcc.a(_dvmd_tls.o)
 .bss           0x00000000        0x0 c:/program files (x86)/embitz/1.11/share/em_armgcc/bin/../lib/gcc/arm-none-eabi/5.4.1/armv6-m\libgcc.a(_dvmd_tls.o)
 .text          0x00000000       0x40 c:/program files (x86)/embitz/1.11/share/em_armgcc/bin/../lib/gcc/arm-none-eabi/5.4.1/armv6-m\libgcc.a(_aeabi_uldivmod.o)
 .data          0x00000000        0x0 c:/program files (x86)/embitz/1.11/share/em_armgcc/bin/../lib/gcc/arm-none-eabi/5.4.1/armv6-m\libgcc.a(_aeabi_uldivmod.o)
 .bss           0x00000000        0x0 c:/program files (x86)/embitz/1.11/share/em_armgcc/bin/../lib/gcc/arm-none-eabi/5.4.1/armv6-m\libgcc.a(_aeabi_uldivmod.o)
 .ARM.attributes
                0x00000000       0x1e c:/program files (x86)/embitz/1.11/share/em_armgcc/bin/../lib/gcc/arm-none-eabi/5.4.1/armv6-m\libgcc.a(_aeabi_uldivmod.o)
 .text          0x00000000      0x180 c:/program files (x86)/embitz/1.11/share/em_armgcc/bin/../lib/gcc/arm-none-eabi/5.4.1/armv6-m\libgcc.a(_udivmoddi4.o)
 .data          0x00000000        0x0 c:/program files (x86)/embitz/1.11/share/em_armgcc/bin/../lib/gcc/arm-none-eabi/5.4.1/armv6-m\libgcc.a(_udivmoddi4.o)
 .bss           0x00000000        0x0 c:/program files (x86)/embitz/1.11/share/em_armgcc/bin/../lib/gcc/arm-none-eabi/5.4.1/armv6-m\libgcc.a(_udivmoddi4.o)
 .ARM.extab     0x00000000        0x0 c:/program files (x86)/embitz/1.11/share/em_armgcc/bin/../lib/gcc/arm-none-eabi/5.4.1/armv6-m\libgcc.a(_udivmoddi4.o)
 .ARM.exidx     0x00000000        0x8 c:/program files (x86)/embitz/1.11/share/em_armgcc/bin/../lib/gcc/arm-none-eabi/5.4.1/armv6-m\libgcc.a(_udivmoddi4.o)
 .debug_frame   0x00000000       0x3c c:/program files (x86)/embitz/1.11/share/em_armgcc/bin/../lib/gcc/arm-none-eabi/5.4.1/armv6-m\libgcc.a(_udivmoddi4.o)
 .ARM.attributes
                0x00000000       0x2c c:/program files (x86)/embitz/1.11/share/em_armgcc/bin/../lib/gcc/arm-none-eabi/5.4.1/armv6-m\libgcc.a(_udivmoddi4.o)
 .text          0x00000000       0x18 c:/program files (x86)/embitz/1.11/share/em_armgcc/bin/../lib/gcc/arm-none-eabi/5.4.1/armv6-m\libgcc.a(_clzdi2.o)
 .data          0x00000000        0x0 c:/program files (x86)/embitz/1.11/share/em_armgcc/bin/../lib/gcc/arm-none-eabi/5.4.1/armv6-m\libgcc.a(_clzdi2.o)
 .bss           0x00000000        0x0 c:/program files (x86)/embitz/1.11/share/em_armgcc/bin/../lib/gcc/arm-none-eabi/5.4.1/armv6-m\libgcc.a(_clzdi2.o)
 .ARM.attributes
                0x00000000       0x1e c:/program files (x86)/embitz/1.11/share/em_armgcc/bin/../lib/gcc/arm-none-eabi/5.4.1/armv6-m\libgcc.a(_clzdi2.o)
 .text          0x00000000       0x3c c:/program files (x86)/embitz/1.11/share/em_armgcc/bin/../lib/gcc/arm-none-eabi/5.4.1/armv6-m\libgcc.a(_clzsi2.o)
 .data          0x00000000        0x0 c:/program files (x86)/embitz/1.11/share/em_armgcc/bin/../lib/gcc/arm-none-eabi/5.4.1/armv6-m\libgcc.a(_clzsi2.o)
 .bss           0x00000000        0x0 c:/program files (x86)/embitz/1.11/share/em_armgcc/bin/../lib/gcc/arm-none-eabi/5.4.1/armv6-m\libgcc.a(_clzsi2.o)
 .ARM.attributes
                0x00000000       0x1e c:/program files (x86)/embitz/1.11/share/em_armgcc/bin/../lib/gcc/arm-none-eabi/5.4.1/armv6-m\libgcc.a(_clzsi2.o)
 .text          0x00000000        0x0 c:/program files (x86)/embitz/1.11/share/em_armgcc/bin/../lib/gcc/arm-none-eabi/5.4.1/../../../../arm-none-eabi/lib/armv6-m\libg.a(lib_a-exit.o)
 .data          0x00000000        0x0 c:/program files (x86)/embitz/1.11/share/em_armgcc/bin/../lib/gcc/arm-none-eabi/5.4.1/../../../../arm-none-eabi/lib/armv6-m\libg.a(lib_a-exit.o)
 .bss           0x00000000        0x0 c:/program files (x86)/embitz/1.11/share/em_armgcc/bin/../lib/gcc/arm-none-eabi/5.4.1/../../../../arm-none-eabi/lib/armv6-m\libg.a(lib_a-exit.o)
 .text.exit     0x00000000       0x20 c:/program files (x86)/embitz/1.11/share/em_armgcc/bin/../lib/gcc/arm-none-eabi/5.4.1/../../../../arm-none-eabi/lib/armv6-m\libg.a(lib_a-exit.o)
 .debug_frame   0x00000000       0x28 c:/program files (x86)/embitz/1.11/share/em_armgcc/bin/../lib/gcc/arm-none-eabi/5.4.1/../../../../arm-none-eabi/lib/armv6-m\libg.a(lib_a-exit.o)
 .ARM.attributes
                0x00000000       0x2c c:/program files (x86)/embitz/1.11/share/em_armgcc/bin/../lib/gcc/arm-none-eabi/5.4.1/../../../../arm-none-eabi/lib/armv6-m\libg.a(lib_a-exit.o)
 .text          0x00000000        0x0 c:/program files (x86)/embitz/1.11/share/em_armgcc/bin/../lib/gcc/arm-none-eabi/5.4.1/../../../../arm-none-eabi/lib/armv6-m\libg.a(lib_a-impure.o)
 .data          0x00000000        0x0 c:/program files (x86)/embitz/1.11/share/em_armgcc/bin/../lib/gcc/arm-none-eabi/5.4.1/../../../../arm-none-eabi/lib/armv6-m\libg.a(lib_a-impure.o)
 .bss           0x00000000        0x0 c:/program files (x86)/embitz/1.11/share/em_armgcc/bin/../lib/gcc/arm-none-eabi/5.4.1/../../../../arm-none-eabi/lib/armv6-m\libg.a(lib_a-impure.o)
 .data._impure_ptr
                0x00000000        0x4 c:/program files (x86)/embitz/1.11/share/em_armgcc/bin/../lib/gcc/arm-none-eabi/5.4.1/../../../../arm-none-eabi/lib/armv6-m\libg.a(lib_a-impure.o)
 .text          0x00000000        0x0 c:/program files (x86)/embitz/1.11/share/em_armgcc/bin/../lib/gcc/arm-none-eabi/5.4.1/../../../../arm-none-eabi/lib/armv6-m\libg.a(lib_a-init.o)
 .data          0x00000000        0x0 c:/program files (x86)/embitz/1.11/share/em_armgcc/bin/../lib/gcc/arm-none-eabi/5.4.1/../../../../arm-none-eabi/lib/armv6-m\libg.a(lib_a-init.o)
 .bss           0x00000000        0x0 c:/program files (x86)/embitz/1.11/share/em_armgcc/bin/../lib/gcc/arm-none-eabi/5.4.1/../../../../arm-none-eabi/lib/armv6-m\libg.a(lib_a-init.o)
 .text          0x00000000        0x0 c:/program files (x86)/embitz/1.11/share/em_armgcc/bin/../lib/gcc/arm-none-eabi/5.4.1/../../../../arm-none-eabi/lib/armv6-m\libg.a(lib_a-memcpy-stub.o)
 .data          0x00000000        0x0 c:/program files (x86)/embitz/1.11/share/em_armgcc/bin/../lib/gcc/arm-none-eabi/5.4.1/../../../../arm-none-eabi/lib/armv6-m\libg.a(lib_a-memcpy-stub.o)
 .bss           0x00000000        0x0 c:/program files (x86)/embitz/1.11/share/em_armgcc/bin/../lib/gcc/arm-none-eabi/5.4.1/../../../../arm-none-eabi/lib/armv6-m\libg.a(lib_a-memcpy-stub.o)
 .text          0x00000000        0x0 c:/program files (x86)/embitz/1.11/share/em_armgcc/bin/../lib/gcc/arm-none-eabi/5.4.1/../../../../arm-none-eabi/lib/armv6-m\libg.a(lib_a-memset.o)
 .data          0x00000000        0x0 c:/program files (x86)/embitz/1.11/share/em_armgcc/bin/../lib/gcc/arm-none-eabi/5.4.1/../../../../arm-none-eabi/lib/armv6-m\libg.a(lib_a-memset.o)
 .bss           0x00000000        0x0 c:/program files (x86)/embitz/1.11/share/em_armgcc/bin/../lib/gcc/arm-none-eabi/5.4.1/../../../../arm-none-eabi/lib/armv6-m\libg.a(lib_a-memset.o)
 .text.memset   0x00000000       0x8c c:/program files (x86)/embitz/1.11/share/em_armgcc/bin/../lib/gcc/arm-none-eabi/5.4.1/../../../../arm-none-eabi/lib/armv6-m\libg.a(lib_a-memset.o)
 .debug_frame   0x00000000       0x2c c:/program files (x86)/embitz/1.11/share/em_armgcc/bin/../lib/gcc/arm-none-eabi/5.4.1/../../../../arm-none-eabi/lib/armv6-m\libg.a(lib_a-memset.o)
 .ARM.attributes
                0x00000000       0x2c c:/program files (x86)/embitz/1.11/share/em_armgcc/bin/../lib/gcc/arm-none-eabi/5.4.1/../../../../arm-none-eabi/lib/armv6-m\libg.a(lib_a-memset.o)
 .text          0x00000000        0x0 c:/program files (x86)/embitz/1.11/share/em_armgcc/bin/../lib/gcc/arm-none-eabi/5.4.1/../../../../arm-none-eabi/lib/armv6-m\libg.a(lib_a-__call_atexit.o)
 .data          0x00000000        0x0 c:/program files (x86)/embitz/1.11/share/em_armgcc/bin/../lib/gcc/arm-none-eabi/5.4.1/../../../../arm-none-eabi/lib/armv6-m\libg.a(lib_a-__call_atexit.o)
 .bss           0x00000000        0x0 c:/program files (x86)/embitz/1.11/share/em_armgcc/bin/../lib/gcc/arm-none-eabi/5.4.1/../../../../arm-none-eabi/lib/armv6-m\libg.a(lib_a-__call_atexit.o)
 .text.__call_exitprocs
                0x00000000       0xfc c:/program files (x86)/embitz/1.11/share/em_armgcc/bin/../lib/gcc/arm-none-eabi/5.4.1/../../../../arm-none-eabi/lib/armv6-m\libg.a(lib_a-__call_atexit.o)
 .text          0x00000000        0x0 c:/program files (x86)/embitz/1.11/share/em_armgcc/bin/../lib/gcc/arm-none-eabi/5.4.1/../../../../arm-none-eabi/lib/armv6-m\libg.a(lib_a-atexit.o)
 .data          0x00000000        0x0 c:/program files (x86)/embitz/1.11/share/em_armgcc/bin/../lib/gcc/arm-none-eabi/5.4.1/../../../../arm-none-eabi/lib/armv6-m\libg.a(lib_a-atexit.o)
 .bss           0x00000000        0x0 c:/program files (x86)/embitz/1.11/share/em_armgcc/bin/../lib/gcc/arm-none-eabi/5.4.1/../../../../arm-none-eabi/lib/armv6-m\libg.a(lib_a-atexit.o)
 .text          0x00000000        0x0 c:/program files (x86)/embitz/1.11/share/em_armgcc/bin/../lib/gcc/arm-none-eabi/5.4.1/../../../../arm-none-eabi/lib/armv6-m\libg.a(lib_a-fini.o)
 .data          0x00000000        0x0 c:/program files (x86)/embitz/1.11/share/em_armgcc/bin/../lib/gcc/arm-none-eabi/5.4.1/../../../../arm-none-eabi/lib/armv6-m\libg.a(lib_a-fini.o)
 .bss           0x00000000        0x0 c:/program files (x86)/embitz/1.11/share/em_armgcc/bin/../lib/gcc/arm-none-eabi/5.4.1/../../../../arm-none-eabi/lib/armv6-m\libg.a(lib_a-fini.o)
 .text          0x00000000        0x0 c:/program files (x86)/embitz/1.11/share/em_armgcc/bin/../lib/gcc/arm-none-eabi/5.4.1/../../../../arm-none-eabi/lib/armv6-m\libg.a(lib_a-__atexit.o)
 .data          0x00000000        0x0 c:/program files (x86)/embitz/1.11/share/em_armgcc/bin/../lib/gcc/arm-none-eabi/5.4.1/../../../../arm-none-eabi/lib/armv6-m\libg.a(lib_a-__atexit.o)
 .bss           0x00000000        0x0 c:/program files (x86)/embitz/1.11/share/em_armgcc/bin/../lib/gcc/arm-none-eabi/5.4.1/../../../../arm-none-eabi/lib/armv6-m\libg.a(lib_a-__atexit.o)
 .text          0x00000000        0x0 c:/program files (x86)/embitz/1.11/share/em_armgcc/bin/../lib/gcc/arm-none-eabi/5.4.1/../../../../arm-none-eabi/lib/armv6-m\libnosys.a(_exit.o)
 .data          0x00000000        0x0 c:/program files (x86)/embitz/1.11/share/em_armgcc/bin/../lib/gcc/arm-none-eabi/5.4.1/../../../../arm-none-eabi/lib/armv6-m\libnosys.a(_exit.o)
 .bss           0x00000000        0x0 c:/program files (x86)/embitz/1.11/share/em_armgcc/bin/../lib/gcc/arm-none-eabi/5.4.1/../../../../arm-none-eabi/lib/armv6-m\libnosys.a(_exit.o)
 .text._exit    0x00000000        0x4 c:/program files (x86)/embitz/1.11/share/em_armgcc/bin/../lib/gcc/arm-none-eabi/5.4.1/../../../../arm-none-eabi/lib/armv6-m\libnosys.a(_exit.o)
 .debug_frame   0x00000000       0x20 c:/program files (x86)/embitz/1.11/share/em_armgcc/bin/../lib/gcc/arm-none-eabi/5.4.1/../../../../arm-none-eabi/lib/armv6-m\libnosys.a(_exit.o)
 .ARM.attributes
                0x00000000       0x2c c:/program files (x86)/embitz/1.11/share/em_armgcc/bin/../lib/gcc/arm-none-eabi/5.4.1/../../../../arm-none-eabi/lib/armv6-m\libnosys.a(_exit.o)
 .text          0x00000000        0x0 c:/program files (x86)/embitz/1.11/share/em_armgcc/bin/../lib/gcc/arm-none-eabi/5.4.1/armv6-m/crtend.o
 .data          0x00000000        0x0 c:/program files (x86)/embitz/1.11/share/em_armgcc/bin/../lib/gcc/arm-none-eabi/5.4.1/armv6-m/crtend.o
 .bss           0x00000000        0x0 c:/program files (x86)/embitz/1.11/share/em_armgcc/bin/../lib/gcc/arm-none-eabi/5.4.1/armv6-m/crtend.o
 .eh_frame      0x00000000        0x4 c:/program files (x86)/embitz/1.11/share/em_armgcc/bin/../lib/gcc/arm-none-eabi/5.4.1/armv6-m/crtend.o
 .jcr           0x00000000        0x4 c:/program files (x86)/embitz/1.11/share/em_armgcc/bin/../lib/gcc/arm-none-eabi/5.4.1/armv6-m/crtend.o
 .ARM.attributes
                0x00000000       0x2c c:/program files (x86)/embitz/1.11/share/em_armgcc/bin/../lib/gcc/arm-none-eabi/5.4.1/armv6-m/crtend.o
 .text          0x00000000        0x0 c:/program files (x86)/embitz/1.11/share/em_armgcc/bin/../lib/gcc/arm-none-eabi/5.4.1/armv6-m/crtn.o
 .data          0x00000000        0x0 c:/program files (x86)/embitz/1.11/share/em_armgcc/bin/../lib/gcc/arm-none-eabi/5.4.1/armv6-m/crtn.o
 .bss           0x00000000        0x0 c:/program files (x86)/embitz/1.11/share/em_armgcc/bin/../lib/gcc/arm-none-eabi/5.4.1/armv6-m/crtn.o

Memory Configuration

Name             Origin             Length             Attributes
MFlash256        0x00000000         0x00018000         xr
Ram0_32          0x10000100         0x00007f00         xrw
Ram1_2           0x20000000         0x00000800         xrw
Ram2USB_2        0x20004000         0x00000800         xrw
*default*        0x00000000         0xffffffff

Linker script and memory map

LOAD c:/program files (x86)/embitz/1.11/share/em_armgcc/bin/../lib/gcc/arm-none-eabi/5.4.1/armv6-m/crti.o
LOAD c:/program files (x86)/embitz/1.11/share/em_armgcc/bin/../lib/gcc/arm-none-eabi/5.4.1/armv6-m/crtbegin.o
LOAD c:/program files (x86)/embitz/1.11/share/em_armgcc/bin/../lib/gcc/arm-none-eabi/5.4.1/../../../../arm-none-eabi/lib/armv6-m/crt0.o
                0x00000000                __HEAP_SIZE = 0x0
                0x00000100                __STACK_SIZE = 0x100
                0x00040000                __top_MFlash256 = 0x40000
                0x10008000                __top_Ram0_32 = 0x10008000
                0x20000800                __top_Ram1_2 = 0x20000800
                0x20004800                __top_Ram2USB_2 = 0x20004800

.text           0x00000000      0x930
 FILL mask 0xff
                0x00000000                __vectors_start__ = ABSOLUTE (.)
 *(.isr_vector)
 .isr_vector    0x00000000       0xc0 obj\release\startup_lpc11u68.o
                0x00000000                g_pfnVectors
                0x000000c0                . = ALIGN (0x4)
                0x000000c0                __section_table_start = .
                0x000000c0                __data_section_table = .
                0x000000c0        0x4 LONG 0x930 LOADADDR (.data)
                0x000000c4        0x4 LONG 0x10000100 ADDR (.data)
                0x000000c8        0x4 LONG 0x430 SIZEOF (.data)
                0x000000cc        0x4 LONG 0x930 LOADADDR (.data_RAM2)
                0x000000d0        0x4 LONG 0x20000000 ADDR (.data_RAM2)
                0x000000d4        0x4 LONG 0x0 SIZEOF (.data_RAM2)
                0x000000d8        0x4 LONG 0x930 LOADADDR (.data_RAM3)
                0x000000dc        0x4 LONG 0x20004000 ADDR (.data_RAM3)
                0x000000e0        0x4 LONG 0x0 SIZEOF (.data_RAM3)
                0x000000e4                __data_section_table_end = .
                0x000000e4                __bss_section_table = .
                0x000000e4        0x4 LONG 0x10000530 ADDR (.bss)
                0x000000e8        0x4 LONG 0x20 SIZEOF (.bss)
                0x000000ec        0x4 LONG 0x20000000 ADDR (.bss_RAM2)
                0x000000f0        0x4 LONG 0x0 SIZEOF (.bss_RAM2)
                0x000000f4        0x4 LONG 0x20004000 ADDR (.bss_RAM3)
                0x000000f8        0x4 LONG 0x0 SIZEOF (.bss_RAM3)
                0x000000fc                __bss_section_table_end = .
                0x000000fc                __section_table_end = .
                0x000000e4                __bss_start__ = __bss_section_table
                0x000000fc                __bss_end__ = __bss_section_table_end
 *(.after_vectors*)
 .after_vectors
                0x000000fc       0x80 obj\release\startup_lpc11u68.o
                0x000000fc                ResetISR
 *(.text*)
 .text          0x0000017c       0x60 c:/program files (x86)/embitz/1.11/share/em_armgcc/bin/../lib/gcc/arm-none-eabi/5.4.1/armv6-m/crtbegin.o
 .text.Chip_Clock_SetSystemPLLSource
                0x000001dc       0x14 obj\release\lpc_chip_11u6x\src\clock_11u6x.o
                0x000001dc                Chip_Clock_SetSystemPLLSource
 .text.Chip_Clock_SetMainClockSource
                0x000001f0       0x14 obj\release\lpc_chip_11u6x\src\clock_11u6x.o
                0x000001f0                Chip_Clock_SetMainClockSource
 .text.Chip_Clock_GetMainClockRate
                0x00000204       0xac obj\release\lpc_chip_11u6x\src\clock_11u6x.o
                0x00000204                Chip_Clock_GetMainClockRate
 .text.Chip_Clock_GetSystemClockRate
                0x000002b0       0x14 obj\release\lpc_chip_11u6x\src\clock_11u6x.o
                0x000002b0                Chip_Clock_GetSystemClockRate
 .text.Chip_IOCON_PinMuxSet
                0x000002c4       0x2c obj\release\lpc_chip_11u6x\src\iocon_11u6x.o
                0x000002c4                Chip_IOCON_PinMuxSet
 .text.Chip_SYSCTL_PowerDown
                0x000002f0       0x20 obj\release\lpc_chip_11u6x\src\syscon_11u6x.o
                0x000002f0                Chip_SYSCTL_PowerDown
 .text.Chip_SYSCTL_PowerUp
                0x00000310       0x24 obj\release\lpc_chip_11u6x\src\syscon_11u6x.o
                0x00000310                Chip_SYSCTL_PowerUp
 .text.Chip_SetupIrcClocking
                0x00000334       0x50 obj\release\lpc_chip_11u6x\src\sysinit_11u6x.o
                0x00000334                Chip_SetupIrcClocking
 .text.Chip_SystemInit
                0x00000384        0x8 obj\release\lpc_chip_11u6x\src\sysinit_11u6x.o
                0x00000384                Chip_SystemInit
 .text.Chip_TIMER_Init
                0x0000038c       0x44 obj\release\lpc_chip_11u6x\src\timer_11u6x.o
                0x0000038c                Chip_TIMER_Init
 .text.sysTimeInit
                0x000003d0       0x30 obj\release\src\main.o
                0x000003d0                sysTimeInit
 .text.TIMER32_0_IRQHandler
                0x00000400       0x94 obj\release\src\main.o
                0x00000400                TIMER32_0_IRQHandler
 .text.initGpio
                0x00000494       0x88 obj\release\src\main.o
                0x00000494                initGpio
 .text.startup.main
                0x0000051c       0x7c obj\release\src\main.o
                0x0000051c                main
 .text.NMI_Handler
                0x00000598        0x4 obj\release\startup_lpc11u68.o
                0x00000598                NMI_Handler
 .text.HardFault_Handler
                0x0000059c        0x4 obj\release\startup_lpc11u68.o
                0x0000059c                HardFault_Handler
 .text.SVC_Handler
                0x000005a0        0x4 obj\release\startup_lpc11u68.o
                0x000005a0                SVC_Handler
 .text.PendSV_Handler
                0x000005a4        0x4 obj\release\startup_lpc11u68.o
                0x000005a4                PendSV_Handler
 .text.SysTick_Handler
                0x000005a8        0x4 obj\release\startup_lpc11u68.o
                0x000005a8                SysTick_Handler
 .text.IntDefaultHandler
                0x000005ac        0x4 obj\release\startup_lpc11u68.o
                0x000005ac                TIMER16_0_IRQHandler
                0x000005ac                I2C0_IRQHandler
                0x000005ac                I2C1_IRQHandler
                0x000005ac                ADCB_IRQHandler
                0x000005ac                SCT0_1_IRQHandler
                0x000005ac                TIMER32_1_IRQHandler
                0x000005ac                PIN_INT6_IRQHandler
                0x000005ac                IntDefaultHandler
                0x000005ac                PIN_INT4_IRQHandler
                0x000005ac                SSP0_IRQHandler
                0x000005ac                RTC_IRQHandler
                0x000005ac                USBWakeup_IRQHandler
                0x000005ac                USART0_IRQHandler
                0x000005ac                PIN_INT5_IRQHandler
                0x000005ac                PIN_INT2_IRQHandler
                0x000005ac                TIMER16_1_IRQHandler
                0x000005ac                USB_FIQHandler
                0x000005ac                USART1_4_IRQHandler
                0x000005ac                SSP1_IRQHandler
                0x000005ac                PIN_INT7_IRQHandler
                0x000005ac                BOD_WDT_IRQHandler
                0x000005ac                PIN_INT1_IRQHandler
                0x000005ac                USB_IRQHandler
                0x000005ac                USART2_3_IRQHandler
                0x000005ac                PIN_INT0_IRQHandler
                0x000005ac                GINT0_IRQHandler
                0x000005ac                DMA_IRQHandler
                0x000005ac                PIN_INT3_IRQHandler
                0x000005ac                FMC_IRQHandler
                0x000005ac                GINT1_IRQHandler
                0x000005ac                ADCA_IRQHandler
 .text          0x000005b0      0x114 c:/program files (x86)/embitz/1.11/share/em_armgcc/bin/../lib/gcc/arm-none-eabi/5.4.1/armv6-m\libgcc.a(_udivsi3.o)
                0x000005b0                __aeabi_uidiv
                0x000005b0                __udivsi3
                0x000006bc                __aeabi_uidivmod
 .text          0x000006c4        0x4 c:/program files (x86)/embitz/1.11/share/em_armgcc/bin/../lib/gcc/arm-none-eabi/5.4.1/armv6-m\libgcc.a(_dvmd_tls.o)
                0x000006c4                __aeabi_idiv0
                0x000006c4                __aeabi_ldiv0
 .text.__libc_init_array
                0x000006c8       0x48 c:/program files (x86)/embitz/1.11/share/em_armgcc/bin/../lib/gcc/arm-none-eabi/5.4.1/../../../../arm-none-eabi/lib/armv6-m\libg.a(lib_a-init.o)
                0x000006c8                __libc_init_array
 .text.memcpy   0x00000710       0x7c c:/program files (x86)/embitz/1.11/share/em_armgcc/bin/../lib/gcc/arm-none-eabi/5.4.1/../../../../arm-none-eabi/lib/armv6-m\libg.a(lib_a-memcpy-stub.o)
                0x00000710                memcpy
 .text.startup.register_fini
                0x0000078c       0x18 c:/program files (x86)/embitz/1.11/share/em_armgcc/bin/../lib/gcc/arm-none-eabi/5.4.1/../../../../arm-none-eabi/lib/armv6-m\libg.a(lib_a-__call_atexit.o)
 .text.atexit   0x000007a4       0x10 c:/program files (x86)/embitz/1.11/share/em_armgcc/bin/../lib/gcc/arm-none-eabi/5.4.1/../../../../arm-none-eabi/lib/armv6-m\libg.a(lib_a-atexit.o)
                0x000007a4                atexit
 .text.__libc_fini_array
                0x000007b4       0x34 c:/program files (x86)/embitz/1.11/share/em_armgcc/bin/../lib/gcc/arm-none-eabi/5.4.1/../../../../arm-none-eabi/lib/armv6-m\libg.a(lib_a-fini.o)
                0x000007b4                __libc_fini_array
 .text.__register_exitproc
                0x000007e8       0xd4 c:/program files (x86)/embitz/1.11/share/em_armgcc/bin/../lib/gcc/arm-none-eabi/5.4.1/../../../../arm-none-eabi/lib/armv6-m\libg.a(lib_a-__atexit.o)
                0x000007e8                __register_exitproc
 *(.rodata .rodata.*)
 .rodata.wdtOSCRate
                0x000008bc       0x40 obj\release\lpc_chip_11u6x\src\clock_11u6x.o
 .rodata        0x000008fc        0x4 obj\release\src\main.o
 .rodata.RTCOscRateIn
                0x00000900        0x4 obj\release\src\main.o
                0x00000900                RTCOscRateIn
 .rodata.OscRateIn
                0x00000904        0x4 obj\release\src\main.o
                0x00000904                OscRateIn
 .rodata.str1.4
                0x00000908        0x4 c:/program files (x86)/embitz/1.11/share/em_armgcc/bin/../lib/gcc/arm-none-eabi/5.4.1/../../../../arm-none-eabi/lib/armv6-m\libg.a(lib_a-impure.o)
                                  0x2 (size before relaxing)
 .rodata._global_impure_ptr
                0x0000090c        0x4 c:/program files (x86)/embitz/1.11/share/em_armgcc/bin/../lib/gcc/arm-none-eabi/5.4.1/../../../../arm-none-eabi/lib/armv6-m\libg.a(lib_a-impure.o)
                0x0000090c                _global_impure_ptr
                0x00000910                . = ALIGN (0x4)
                0x00000910                . = ALIGN (0x4)
 *(.init)
 .init          0x00000910        0x4 c:/program files (x86)/embitz/1.11/share/em_armgcc/bin/../lib/gcc/arm-none-eabi/5.4.1/armv6-m/crti.o
                0x00000910                _init
 .init          0x00000914        0x8 c:/program files (x86)/embitz/1.11/share/em_armgcc/bin/../lib/gcc/arm-none-eabi/5.4.1/armv6-m/crtn.o
                0x0000091c                . = ALIGN (0x4)
                0x0000091c                __preinit_array_start = .
 *(.preinit_array)
                0x0000091c                __preinit_array_end = .
                0x0000091c                . = ALIGN (0x4)
                0x0000091c                __init_array_start = .
 *(SORT(.init_array.*))
 .init_array.00000
                0x0000091c        0x4 c:/program files (x86)/embitz/1.11/share/em_armgcc/bin/../lib/gcc/arm-none-eabi/5.4.1/../../../../arm-none-eabi/lib/armv6-m\libg.a(lib_a-__call_atexit.o)
 *(.init_array)
 .init_array    0x00000920        0x4 c:/program files (x86)/embitz/1.11/share/em_armgcc/bin/../lib/gcc/arm-none-eabi/5.4.1/armv6-m/crtbegin.o
                0x00000924                __init_array_end = .
 *(.fini)
 .fini          0x00000924        0x4 c:/program files (x86)/embitz/1.11/share/em_armgcc/bin/../lib/gcc/arm-none-eabi/5.4.1/armv6-m/crti.o
                0x00000924                _fini
 .fini          0x00000928        0x8 c:/program files (x86)/embitz/1.11/share/em_armgcc/bin/../lib/gcc/arm-none-eabi/5.4.1/armv6-m/crtn.o
                0x00000930                . = ALIGN (0x4)
 *crtbegin.o(.ctors)
 *(EXCLUDE_FILE(*crtend.o) .ctors)
 *(SORT(.ctors.*))
 *crtend.o(.ctors)
                0x00000930                . = ALIGN (0x4)
 *crtbegin.o(.dtors)
 *(EXCLUDE_FILE(*crtend.o) .dtors)
 *(SORT(.dtors.*))
 *crtend.o(.dtors)

.glue_7         0x00000930        0x0
 .glue_7        0x00000930        0x0 linker stubs

.glue_7t        0x00000930        0x0
 .glue_7t       0x00000930        0x0 linker stubs

.vfp11_veneer   0x00000930        0x0
 .vfp11_veneer  0x00000930        0x0 linker stubs

.v4_bx          0x00000930        0x0
 .v4_bx         0x00000930        0x0 linker stubs

.iplt           0x00000930        0x0
 .iplt          0x00000930        0x0 c:/program files (x86)/embitz/1.11/share/em_armgcc/bin/../lib/gcc/arm-none-eabi/5.4.1/armv6-m/crtbegin.o

.eh_frame       0x00000930        0x0
 .eh_frame      0x00000930        0x0 c:/program files (x86)/embitz/1.11/share/em_armgcc/bin/../lib/gcc/arm-none-eabi/5.4.1/armv6-m/crtbegin.o

.rel.dyn        0x00000930        0x0
 .rel.iplt      0x00000930        0x0 c:/program files (x86)/embitz/1.11/share/em_armgcc/bin/../lib/gcc/arm-none-eabi/5.4.1/armv6-m/crtbegin.o

.ARM.extab
 *(.ARM.extab* .gnu.linkonce.armextab.*)
                0x00000930                __exidx_start = .

.ARM.exidx
 *(.ARM.exidx* .gnu.linkonce.armexidx.*)
                0x00000930                __exidx_end = .
                0x00000930                _etext = .

.mtb_buffer_RAM2
 *(.mtb.$RAM2*)
 *(.mtb.$RAM1_2*)

.data_RAM2      0x20000000        0x0 load address 0x00000930
 FILL mask 0xff
 *(.ramfunc.$RAM2)
 *(.ramfunc.$Ram1_2)
 *(.data.$RAM2*)
 *(.data.$Ram1_2*)
                0x20000000                . = ALIGN (0x4)

.mtb_buffer_RAM3
 *(.mtb.$RAM3*)
 *(.mtb.$RAM2USB_2*)

.data_RAM3      0x20004000        0x0 load address 0x00000930
 FILL mask 0xff
 *(.ramfunc.$RAM3)
 *(.ramfunc.$Ram2USB_2)
 *(.data.$RAM3*)
 *(.data.$Ram2USB_2*)
                0x20004000                . = ALIGN (0x4)

.mtb_buffer_default
 *(.mtb*)

.uninit_RESERVED
                0x10000100        0x0
 *(.bss.$RESERVED*)
                0x10000100                . = ALIGN (0x4)
                0x10000100                _end_uninit_RESERVED = .

.data           0x10000100      0x430 load address 0x00000930
 FILL mask 0xff
                0x10000100                _data = .
 *(vtable)
 *(.ramfunc*)
 *(.data*)
 .data.sysTimeTimer
                0x10000100        0x4 obj\release\src\main.o
                0x10000100                sysTimeTimer
 .data.pwmPeriod
                0x10000104        0x2 obj\release\src\main.o
                0x10000104                pwmPeriod
 .data.trig.7302
                0x10000106        0x1 obj\release\src\main.o
 *fill*         0x10000107        0x1 ff
 .data.impure_data
                0x10000108      0x428 c:/program files (x86)/embitz/1.11/share/em_armgcc/bin/../lib/gcc/arm-none-eabi/5.4.1/../../../../arm-none-eabi/lib/armv6-m\libg.a(lib_a-impure.o)
                0x10000530                . = ALIGN (0x4)
                0x10000530                _edata = .

.jcr            0x10000530        0x0 load address 0x00000d60
 .jcr           0x10000530        0x0 c:/program files (x86)/embitz/1.11/share/em_armgcc/bin/../lib/gcc/arm-none-eabi/5.4.1/armv6-m/crtbegin.o

.igot.plt       0x10000530        0x0 load address 0x00000d60
 .igot.plt      0x10000530        0x0 c:/program files (x86)/embitz/1.11/share/em_armgcc/bin/../lib/gcc/arm-none-eabi/5.4.1/armv6-m/crtbegin.o

.bss_RAM2       0x20000000        0x0
 *(.bss.$RAM2*)
 *(.bss.$Ram1_2*)
                0x20000000                . = ALIGN (0x4)

.bss_RAM3       0x20004000        0x0
 *(.bss.$RAM3*)
 *(.bss.$Ram2USB_2*)
                0x20004000                . = ALIGN (0x4)

.bss            0x10000530       0x20
                0x10000530                _bss = .
 *(.bss*)
 .bss           0x10000530       0x1c c:/program files (x86)/embitz/1.11/share/em_armgcc/bin/../lib/gcc/arm-none-eabi/5.4.1/armv6-m/crtbegin.o
 .bss.kPWM.7301
                0x1000054c        0x2 obj\release\src\main.o
 *(COMMON)
                0x10000550                . = ALIGN (0x4)
 *fill*         0x1000054e        0x2 
                0x10000550                _ebss = .
                [!provide]                PROVIDE (end, .)
                0x10000550                __end__ = .

.noinit_RAM2    0x20000000        0x0
 *(.noinit.$RAM2*)
 *(.noinit.$Ram1_2*)
                0x20000000                . = ALIGN (0x4)

.noinit_RAM3    0x20004000        0x0
 *(.noinit.$RAM3*)
 *(.noinit.$Ram2USB_2*)
                0x20004000                . = ALIGN (0x4)

.noinit         0x10000550        0x0
                0x10000550                _noinit = .
 *(.noinit*)
                0x10000550                . = ALIGN (0x4)
                0x10000550                _end_noinit = .
                [!provide]                PROVIDE (_pvHeapStart, .)
                0x10008000                PROVIDE (_vStackTop, (__top_Ram0_32 - 0x0))
LOAD obj\release\lpc_chip_11u6x\src\adc_11u6x.o
LOAD obj\release\lpc_chip_11u6x\src\chip_11u6x.o
LOAD obj\release\lpc_chip_11u6x\src\clock_11u6x.o
LOAD obj\release\lpc_chip_11u6x\src\gpio_11u6x.o
LOAD obj\release\lpc_chip_11u6x\src\gpiogroup_11u6x.o
LOAD obj\release\lpc_chip_11u6x\src\iocon_11u6x.o
LOAD obj\release\lpc_chip_11u6x\src\syscon_11u6x.o
LOAD obj\release\lpc_chip_11u6x\src\sysinit_11u6x.o
LOAD obj\release\lpc_chip_11u6x\src\timer_11u6x.o
LOAD obj\release\lpc_chip_11u6x\src\wwdt_11u6x.o
LOAD obj\release\src\main.o
LOAD obj\release\startup_lpc11u68.o
START GROUP
LOAD c:/program files (x86)/embitz/1.11/share/em_armgcc/bin/../lib/gcc/arm-none-eabi/5.4.1/armv6-m\libgcc.a
LOAD c:/program files (x86)/embitz/1.11/share/em_armgcc/bin/../lib/gcc/arm-none-eabi/5.4.1/../../../../arm-none-eabi/lib/armv6-m\libg.a
LOAD c:/program files (x86)/embitz/1.11/share/em_armgcc/bin/../lib/gcc/arm-none-eabi/5.4.1/../../../../arm-none-eabi/lib/armv6-m\libc.a
END GROUP
START GROUP
LOAD c:/program files (x86)/embitz/1.11/share/em_armgcc/bin/../lib/gcc/arm-none-eabi/5.4.1/armv6-m\libgcc.a
LOAD c:/program files (x86)/embitz/1.11/share/em_armgcc/bin/../lib/gcc/arm-none-eabi/5.4.1/../../../../arm-none-eabi/lib/armv6-m\libc.a
LOAD c:/program files (x86)/embitz/1.11/share/em_armgcc/bin/../lib/gcc/arm-none-eabi/5.4.1/../../../../arm-none-eabi/lib/armv6-m\libnosys.a
END GROUP
LOAD c:/program files (x86)/embitz/1.11/share/em_armgcc/bin/../lib/gcc/arm-none-eabi/5.4.1/armv6-m/crtend.o
LOAD c:/program files (x86)/embitz/1.11/share/em_armgcc/bin/../lib/gcc/arm-none-eabi/5.4.1/armv6-m/crtn.o
OUTPUT(bin\Release\proPSUBootloader.elf elf32-littlearm)

.ARM.attributes
                0x00000000       0x28
 .ARM.attributes
                0x00000000       0x1e c:/program files (x86)/embitz/1.11/share/em_armgcc/bin/../lib/gcc/arm-none-eabi/5.4.1/armv6-m/crti.o
 .ARM.attributes
                0x0000001e       0x2c c:/program files (x86)/embitz/1.11/share/em_armgcc/bin/../lib/gcc/arm-none-eabi/5.4.1/armv6-m/crtbegin.o
 .ARM.attributes
                0x0000004a       0x31 obj\release\lpc_chip_11u6x\src\clock_11u6x.o
 .ARM.attributes
                0x0000007b       0x31 obj\release\lpc_chip_11u6x\src\iocon_11u6x.o
 .ARM.attributes
                0x000000ac       0x31 obj\release\lpc_chip_11u6x\src\syscon_11u6x.o
 .ARM.attributes
                0x000000dd       0x31 obj\release\lpc_chip_11u6x\src\sysinit_11u6x.o
 .ARM.attributes
                0x0000010e       0x31 obj\release\lpc_chip_11u6x\src\timer_11u6x.o
 .ARM.attributes
                0x0000013f       0x31 obj\release\src\main.o
 .ARM.attributes
                0x00000170       0x31 obj\release\startup_lpc11u68.o
 .ARM.attributes
                0x000001a1       0x1e c:/program files (x86)/embitz/1.11/share/em_armgcc/bin/../lib/gcc/arm-none-eabi/5.4.1/armv6-m\libgcc.a(_udivsi3.o)
 .ARM.attributes
                0x000001bf       0x1e c:/program files (x86)/embitz/1.11/share/em_armgcc/bin/../lib/gcc/arm-none-eabi/5.4.1/armv6-m\libgcc.a(_dvmd_tls.o)
 .ARM.attributes
                0x000001dd       0x2c c:/program files (x86)/embitz/1.11/share/em_armgcc/bin/../lib/gcc/arm-none-eabi/5.4.1/../../../../arm-none-eabi/lib/armv6-m\libg.a(lib_a-impure.o)
 .ARM.attributes
                0x00000209       0x2c c:/program files (x86)/embitz/1.11/share/em_armgcc/bin/../lib/gcc/arm-none-eabi/5.4.1/../../../../arm-none-eabi/lib/armv6-m\libg.a(lib_a-init.o)
 .ARM.attributes
                0x00000235       0x2c c:/program files (x86)/embitz/1.11/share/em_armgcc/bin/../lib/gcc/arm-none-eabi/5.4.1/../../../../arm-none-eabi/lib/armv6-m\libg.a(lib_a-memcpy-stub.o)
 .ARM.attributes
                0x00000261       0x2c c:/program files (x86)/embitz/1.11/share/em_armgcc/bin/../lib/gcc/arm-none-eabi/5.4.1/../../../../arm-none-eabi/lib/armv6-m\libg.a(lib_a-__call_atexit.o)
 .ARM.attributes
                0x0000028d       0x2c c:/program files (x86)/embitz/1.11/share/em_armgcc/bin/../lib/gcc/arm-none-eabi/5.4.1/../../../../arm-none-eabi/lib/armv6-m\libg.a(lib_a-atexit.o)
 .ARM.attributes
                0x000002b9       0x2c c:/program files (x86)/embitz/1.11/share/em_armgcc/bin/../lib/gcc/arm-none-eabi/5.4.1/../../../../arm-none-eabi/lib/armv6-m\libg.a(lib_a-fini.o)
 .ARM.attributes
                0x000002e5       0x2c c:/program files (x86)/embitz/1.11/share/em_armgcc/bin/../lib/gcc/arm-none-eabi/5.4.1/../../../../arm-none-eabi/lib/armv6-m\libg.a(lib_a-__atexit.o)
 .ARM.attributes
                0x00000311       0x1e c:/program files (x86)/embitz/1.11/share/em_armgcc/bin/../lib/gcc/arm-none-eabi/5.4.1/armv6-m/crtn.o

.comment        0x00000000       0x6e
 .comment       0x00000000       0x6e obj\release\lpc_chip_11u6x\src\clock_11u6x.o
                                 0x6f (size before relaxing)
 .comment       0x0000006e       0x6f obj\release\lpc_chip_11u6x\src\iocon_11u6x.o
 .comment       0x0000006e       0x6f obj\release\lpc_chip_11u6x\src\syscon_11u6x.o
 .comment       0x0000006e       0x6f obj\release\lpc_chip_11u6x\src\sysinit_11u6x.o
 .comment       0x0000006e       0x6f obj\release\lpc_chip_11u6x\src\timer_11u6x.o
 .comment       0x0000006e       0x6f obj\release\src\main.o
 .comment       0x0000006e       0x6f obj\release\startup_lpc11u68.o

.debug_info     0x00000000     0x461c
 .debug_info    0x00000000      0xf29 obj\release\lpc_chip_11u6x\src\clock_11u6x.o
 .debug_info    0x00000f29      0x34d obj\release\lpc_chip_11u6x\src\iocon_11u6x.o
 .debug_info    0x00001276      0x63b obj\release\lpc_chip_11u6x\src\syscon_11u6x.o
 .debug_info    0x000018b1      0x8fd obj\release\lpc_chip_11u6x\src\sysinit_11u6x.o
 .debug_info    0x000021ae      0x908 obj\release\lpc_chip_11u6x\src\timer_11u6x.o
 .debug_info    0x00002ab6     0x163a obj\release\src\main.o
 .debug_info    0x000040f0      0x52c obj\release\startup_lpc11u68.o

.debug_abbrev   0x00000000      0xf37
 .debug_abbrev  0x00000000      0x39e obj\release\lpc_chip_11u6x\src\clock_11u6x.o
 .debug_abbrev  0x0000039e      0x1a5 obj\release\lpc_chip_11u6x\src\iocon_11u6x.o
 .debug_abbrev  0x00000543       0xe9 obj\release\lpc_chip_11u6x\src\syscon_11u6x.o
 .debug_abbrev  0x0000062c      0x1c5 obj\release\lpc_chip_11u6x\src\sysinit_11u6x.o
 .debug_abbrev  0x000007f1      0x1de obj\release\lpc_chip_11u6x\src\timer_11u6x.o
 .debug_abbrev  0x000009cf      0x369 obj\release\src\main.o
 .debug_abbrev  0x00000d38      0x1ff obj\release\startup_lpc11u68.o

.debug_loc      0x00000000     0x1235
 .debug_loc     0x00000000      0x248 obj\release\lpc_chip_11u6x\src\clock_11u6x.o
 .debug_loc     0x00000248      0x2de obj\release\lpc_chip_11u6x\src\iocon_11u6x.o
 .debug_loc     0x00000526      0x13e obj\release\lpc_chip_11u6x\src\syscon_11u6x.o
 .debug_loc     0x00000664       0xd0 obj\release\lpc_chip_11u6x\src\sysinit_11u6x.o
 .debug_loc     0x00000734      0x1c6 obj\release\lpc_chip_11u6x\src\timer_11u6x.o
 .debug_loc     0x000008fa      0x660 obj\release\src\main.o
 .debug_loc     0x00000f5a      0x2db obj\release\startup_lpc11u68.o

.debug_aranges  0x00000000      0x240
 .debug_aranges
                0x00000000       0x90 obj\release\lpc_chip_11u6x\src\clock_11u6x.o
 .debug_aranges
                0x00000090       0x30 obj\release\lpc_chip_11u6x\src\iocon_11u6x.o
 .debug_aranges
                0x000000c0       0x40 obj\release\lpc_chip_11u6x\src\syscon_11u6x.o
 .debug_aranges
                0x00000100       0x30 obj\release\lpc_chip_11u6x\src\sysinit_11u6x.o
 .debug_aranges
                0x00000130       0x38 obj\release\lpc_chip_11u6x\src\timer_11u6x.o
 .debug_aranges
                0x00000168       0x50 obj\release\src\main.o
 .debug_aranges
                0x000001b8       0x88 obj\release\startup_lpc11u68.o

.debug_ranges   0x00000000      0x6a8
 .debug_ranges  0x00000000      0x1d0 obj\release\lpc_chip_11u6x\src\clock_11u6x.o
 .debug_ranges  0x000001d0       0x48 obj\release\lpc_chip_11u6x\src\iocon_11u6x.o
 .debug_ranges  0x00000218       0x30 obj\release\lpc_chip_11u6x\src\syscon_11u6x.o
 .debug_ranges  0x00000248      0x100 obj\release\lpc_chip_11u6x\src\sysinit_11u6x.o
 .debug_ranges  0x00000348       0x88 obj\release\lpc_chip_11u6x\src\timer_11u6x.o
 .debug_ranges  0x000003d0      0x248 obj\release\src\main.o
 .debug_ranges  0x00000618       0x90 obj\release\startup_lpc11u68.o

.debug_line     0x00000000     0x119d
 .debug_line    0x00000000      0x3b6 obj\release\lpc_chip_11u6x\src\clock_11u6x.o
 .debug_line    0x000003b6      0x1ae obj\release\lpc_chip_11u6x\src\iocon_11u6x.o
 .debug_line    0x00000564      0x194 obj\release\lpc_chip_11u6x\src\syscon_11u6x.o
 .debug_line    0x000006f8      0x269 obj\release\lpc_chip_11u6x\src\sysinit_11u6x.o
 .debug_line    0x00000961      0x1eb obj\release\lpc_chip_11u6x\src\timer_11u6x.o
 .debug_line    0x00000b4c      0x411 obj\release\src\main.o
 .debug_line    0x00000f5d      0x240 obj\release\startup_lpc11u68.o

.debug_str      0x00000000     0x1baf
 .debug_str     0x00000000      0xe21 obj\release\lpc_chip_11u6x\src\clock_11u6x.o
                                0xe92 (size before relaxing)
 .debug_str     0x00000e21       0xdb obj\release\lpc_chip_11u6x\src\iocon_11u6x.o
                                0x25e (size before relaxing)
 .debug_str     0x00000efc       0xd4 obj\release\lpc_chip_11u6x\src\syscon_11u6x.o
                                0x501 (size before relaxing)
 .debug_str     0x00000fd0      0x141 obj\release\lpc_chip_11u6x\src\sysinit_11u6x.o
                                0x6da (size before relaxing)
 .debug_str     0x00001111      0x455 obj\release\lpc_chip_11u6x\src\timer_11u6x.o
                                0x877 (size before relaxing)
 .debug_str     0x00001566      0x47e obj\release\src\main.o
                                0xdfc (size before relaxing)
 .debug_str     0x000019e4      0x1cb obj\release\startup_lpc11u68.o
                                0x500 (size before relaxing)

.debug_frame    0x00000000      0x5c8
 .debug_frame   0x00000000      0x13c obj\release\lpc_chip_11u6x\src\clock_11u6x.o
 .debug_frame   0x0000013c       0x4c obj\release\lpc_chip_11u6x\src\iocon_11u6x.o
 .debug_frame   0x00000188       0x68 obj\release\lpc_chip_11u6x\src\syscon_11u6x.o
 .debug_frame   0x000001f0       0x5c obj\release\lpc_chip_11u6x\src\sysinit_11u6x.o
 .debug_frame   0x0000024c       0x60 obj\release\lpc_chip_11u6x\src\timer_11u6x.o
 .debug_frame   0x000002ac       0xbc obj\release\src\main.o
 .debug_frame   0x00000368      0x104 obj\release\startup_lpc11u68.o
 .debug_frame   0x0000046c       0x20 c:/program files (x86)/embitz/1.11/share/em_armgcc/bin/../lib/gcc/arm-none-eabi/5.4.1/armv6-m\libgcc.a(_udivsi3.o)
 .debug_frame   0x0000048c       0x2c c:/program files (x86)/embitz/1.11/share/em_armgcc/bin/../lib/gcc/arm-none-eabi/5.4.1/../../../../arm-none-eabi/lib/armv6-m\libg.a(lib_a-init.o)
 .debug_frame   0x000004b8       0x2c c:/program files (x86)/embitz/1.11/share/em_armgcc/bin/../lib/gcc/arm-none-eabi/5.4.1/../../../../arm-none-eabi/lib/armv6-m\libg.a(lib_a-memcpy-stub.o)
 .debug_frame   0x000004e4       0x54 c:/program files (x86)/embitz/1.11/share/em_armgcc/bin/../lib/gcc/arm-none-eabi/5.4.1/../../../../arm-none-eabi/lib/armv6-m\libg.a(lib_a-__call_atexit.o)
 .debug_frame   0x00000538       0x28 c:/program files (x86)/embitz/1.11/share/em_armgcc/bin/../lib/gcc/arm-none-eabi/5.4.1/../../../../arm-none-eabi/lib/armv6-m\libg.a(lib_a-atexit.o)
 .debug_frame   0x00000560       0x2c c:/program files (x86)/embitz/1.11/share/em_armgcc/bin/../lib/gcc/arm-none-eabi/5.4.1/../../../../arm-none-eabi/lib/armv6-m\libg.a(lib_a-fini.o)
 .debug_frame   0x0000058c       0x3c c:/program files (x86)/embitz/1.11/share/em_armgcc/bin/../lib/gcc/arm-none-eabi/5.4.1/../../../../arm-none-eabi/lib/armv6-m\libg.a(lib_a-__atexit.o)
