Archive member included to satisfy reference by file (symbol)

c:/program files (x86)/embitz/1.11/share/em_armgcc/bin/../lib/gcc/arm-none-eabi/5.4.1/armv6-m\libgcc.a(_udivsi3.o)
                              obj\debug\lpc_chip_11u6x\src\adc_11u6x.o (__aeabi_uidiv)
c:/program files (x86)/embitz/1.11/share/em_armgcc/bin/../lib/gcc/arm-none-eabi/5.4.1/armv6-m\libgcc.a(_dvmd_tls.o)
                              c:/program files (x86)/embitz/1.11/share/em_armgcc/bin/../lib/gcc/arm-none-eabi/5.4.1/armv6-m\libgcc.a(_udivsi3.o) (__aeabi_idiv0)
c:/program files (x86)/embitz/1.11/share/em_armgcc/bin/../lib/gcc/arm-none-eabi/5.4.1/armv6-m\libgcc.a(_aeabi_uldivmod.o)
                              obj\debug\lpc_chip_11u6x\src\clock_11u6x.o (__aeabi_uldivmod)
c:/program files (x86)/embitz/1.11/share/em_armgcc/bin/../lib/gcc/arm-none-eabi/5.4.1/armv6-m\libgcc.a(_udivmoddi4.o)
                              c:/program files (x86)/embitz/1.11/share/em_armgcc/bin/../lib/gcc/arm-none-eabi/5.4.1/armv6-m\libgcc.a(_aeabi_uldivmod.o) (__udivmoddi4)
c:/program files (x86)/embitz/1.11/share/em_armgcc/bin/../lib/gcc/arm-none-eabi/5.4.1/armv6-m\libgcc.a(_clzdi2.o)
                              c:/program files (x86)/embitz/1.11/share/em_armgcc/bin/../lib/gcc/arm-none-eabi/5.4.1/armv6-m\libgcc.a(_udivmoddi4.o) (__clzdi2)
c:/program files (x86)/embitz/1.11/share/em_armgcc/bin/../lib/gcc/arm-none-eabi/5.4.1/armv6-m\libgcc.a(_clzsi2.o)
                              c:/program files (x86)/embitz/1.11/share/em_armgcc/bin/../lib/gcc/arm-none-eabi/5.4.1/armv6-m\libgcc.a(_clzdi2.o) (__clzsi2)
c:/program files (x86)/embitz/1.11/share/em_armgcc/bin/../lib/gcc/arm-none-eabi/5.4.1/../../../../arm-none-eabi/lib/armv6-m\libg.a(lib_a-exit.o)
                              c:/program files (x86)/embitz/1.11/share/em_armgcc/bin/../lib/gcc/arm-none-eabi/5.4.1/../../../../arm-none-eabi/lib/armv6-m/crt0.o (exit)
c:/program files (x86)/embitz/1.11/share/em_armgcc/bin/../lib/gcc/arm-none-eabi/5.4.1/../../../../arm-none-eabi/lib/armv6-m\libg.a(lib_a-impure.o)
                              c:/program files (x86)/embitz/1.11/share/em_armgcc/bin/../lib/gcc/arm-none-eabi/5.4.1/../../../../arm-none-eabi/lib/armv6-m\libg.a(lib_a-exit.o) (_global_impure_ptr)
c:/program files (x86)/embitz/1.11/share/em_armgcc/bin/../lib/gcc/arm-none-eabi/5.4.1/../../../../arm-none-eabi/lib/armv6-m\libg.a(lib_a-init.o)
                              c:/program files (x86)/embitz/1.11/share/em_armgcc/bin/../lib/gcc/arm-none-eabi/5.4.1/../../../../arm-none-eabi/lib/armv6-m/crt0.o (__libc_init_array)
c:/program files (x86)/embitz/1.11/share/em_armgcc/bin/../lib/gcc/arm-none-eabi/5.4.1/../../../../arm-none-eabi/lib/armv6-m\libg.a(lib_a-memcpy-stub.o)
                              obj\debug\src\main.o (memcpy)
c:/program files (x86)/embitz/1.11/share/em_armgcc/bin/../lib/gcc/arm-none-eabi/5.4.1/../../../../arm-none-eabi/lib/armv6-m\libg.a(lib_a-memset.o)
                              c:/program files (x86)/embitz/1.11/share/em_armgcc/bin/../lib/gcc/arm-none-eabi/5.4.1/../../../../arm-none-eabi/lib/armv6-m/crt0.o (memset)
c:/program files (x86)/embitz/1.11/share/em_armgcc/bin/../lib/gcc/arm-none-eabi/5.4.1/../../../../arm-none-eabi/lib/armv6-m\libg.a(lib_a-__call_atexit.o)
                              c:/program files (x86)/embitz/1.11/share/em_armgcc/bin/../lib/gcc/arm-none-eabi/5.4.1/../../../../arm-none-eabi/lib/armv6-m\libg.a(lib_a-exit.o) (__call_exitprocs)
c:/program files (x86)/embitz/1.11/share/em_armgcc/bin/../lib/gcc/arm-none-eabi/5.4.1/../../../../arm-none-eabi/lib/armv6-m\libg.a(lib_a-atexit.o)
                              c:/program files (x86)/embitz/1.11/share/em_armgcc/bin/../lib/gcc/arm-none-eabi/5.4.1/../../../../arm-none-eabi/lib/armv6-m\libg.a(lib_a-__call_atexit.o) (atexit)
c:/program files (x86)/embitz/1.11/share/em_armgcc/bin/../lib/gcc/arm-none-eabi/5.4.1/../../../../arm-none-eabi/lib/armv6-m\libg.a(lib_a-fini.o)
                              c:/program files (x86)/embitz/1.11/share/em_armgcc/bin/../lib/gcc/arm-none-eabi/5.4.1/../../../../arm-none-eabi/lib/armv6-m\libg.a(lib_a-__call_atexit.o) (__libc_fini_array)
c:/program files (x86)/embitz/1.11/share/em_armgcc/bin/../lib/gcc/arm-none-eabi/5.4.1/../../../../arm-none-eabi/lib/armv6-m\libg.a(lib_a-__atexit.o)
                              c:/program files (x86)/embitz/1.11/share/em_armgcc/bin/../lib/gcc/arm-none-eabi/5.4.1/../../../../arm-none-eabi/lib/armv6-m\libg.a(lib_a-atexit.o) (__register_exitproc)
c:/program files (x86)/embitz/1.11/share/em_armgcc/bin/../lib/gcc/arm-none-eabi/5.4.1/../../../../arm-none-eabi/lib/armv6-m\libnosys.a(_exit.o)
                              c:/program files (x86)/embitz/1.11/share/em_armgcc/bin/../lib/gcc/arm-none-eabi/5.4.1/../../../../arm-none-eabi/lib/armv6-m\libg.a(lib_a-exit.o) (_exit)

Allocating common symbols
Common symbol       size              file

SystemCoreClock     0x4               obj\debug\lpc_chip_11u6x\src\chip_11u6x.o

Discarded input sections

[...]
Memory Configuration

Name             Origin             Length             Attributes
MFlash256        0x00010000         0x00018000         xr
Ram0_32          0x10000100         0x00007f00         xrw
Ram1_2           0x20000000         0x00000800         xrw
Ram2USB_2        0x20004000         0x00000800         xrw
*default*        0x00000000         0xffffffff

Linker script and memory map

LOAD c:/program files (x86)/embitz/1.11/share/em_armgcc/bin/../lib/gcc/arm-none-eabi/5.4.1/armv6-m/crti.o
LOAD c:/program files (x86)/embitz/1.11/share/em_armgcc/bin/../lib/gcc/arm-none-eabi/5.4.1/armv6-m/crtbegin.o
LOAD c:/program files (x86)/embitz/1.11/share/em_armgcc/bin/../lib/gcc/arm-none-eabi/5.4.1/../../../../arm-none-eabi/lib/armv6-m/crt0.o
                0x00040000                __top_MFlash256 = 0x40000
                0x10008000                __top_Ram0_32 = 0x10008000
                0x20000800                __top_Ram1_2 = 0x20000800
                0x20004800                __top_Ram2USB_2 = 0x20004800

.text           0x00010000     0x24d0
 FILL mask 0xff
                0x00010000                __vectors_start__ = ABSOLUTE (.)
 *(.isr_vector)
 .isr_vector    0x00010000       0xc0 obj\debug\startup_lpc11u68.o
                0x00010000                g_pfnVectors
                0x000100c0                . = ALIGN (0x4)
                0x000100c0                __section_table_start = .
                0x000100c0                __data_section_table = .
                0x000100c0        0x4 LONG 0x124dc LOADADDR (.data)
                0x000100c4        0x4 LONG 0x10000100 ADDR (.data)
                0x000100c8        0x4 LONG 0x43c SIZEOF (.data)
                0x000100cc        0x4 LONG 0x124dc LOADADDR (.data_RAM2)
                0x000100d0        0x4 LONG 0x20000000 ADDR (.data_RAM2)
                0x000100d4        0x4 LONG 0x0 SIZEOF (.data_RAM2)
                0x000100d8        0x4 LONG 0x124dc LOADADDR (.data_RAM3)
                0x000100dc        0x4 LONG 0x20004000 ADDR (.data_RAM3)
                0x000100e0        0x4 LONG 0x0 SIZEOF (.data_RAM3)
                0x000100e4                __data_section_table_end = .
                0x000100e4                __bss_section_table = .
                0x000100e4        0x4 LONG 0x10000544 ADDR (.bss)
                0x000100e8        0x4 LONG 0x24 SIZEOF (.bss)
                0x000100ec        0x4 LONG 0x20000000 ADDR (.bss_RAM2)
                0x000100f0        0x4 LONG 0x0 SIZEOF (.bss_RAM2)
                0x000100f4        0x4 LONG 0x20004000 ADDR (.bss_RAM3)
                0x000100f8        0x4 LONG 0x0 SIZEOF (.bss_RAM3)
                0x000100fc                __bss_section_table_end = .
                0x000100fc                __section_table_end = .
                0x000100e4                __bss_start__ = __bss_section_table
                0x000100fc                __bss_end__ = __bss_section_table_end
 *(.after_vectors*)
 .after_vectors
                0x000100fc       0x94 obj\debug\startup_lpc11u68.o
                0x000100fc                ResetISR
 *(.text*)
 .text          0x00010190        0x0 c:/program files (x86)/embitz/1.11/share/em_armgcc/bin/../lib/gcc/arm-none-eabi/5.4.1/armv6-m/crti.o
 .text          0x00010190       0x60 c:/program files (x86)/embitz/1.11/share/em_armgcc/bin/../lib/gcc/arm-none-eabi/5.4.1/armv6-m/crtbegin.o
 .text          0x000101f0       0x78 c:/program files (x86)/embitz/1.11/share/em_armgcc/bin/../lib/gcc/arm-none-eabi/5.4.1/../../../../arm-none-eabi/lib/armv6-m/crt0.o
                0x000101f0                _start
                0x000101f0                _mainCRTStartup
 .text          0x00010268      0x37c obj\debug\lpc_chip_11u6x\src\adc_11u6x.o
                0x000102f8                Chip_ADC_SetIntBits
                0x00010320                Chip_ADC_ClearIntBits
                0x00010348                Chip_ADC_SetTHRSELBits
                0x00010370                Chip_ADC_ClearTHRSELBits
                0x00010398                Chip_ADC_Init
                0x000103c4                Chip_ADC_StartCalibration
                0x00010404                Chip_ADC_IsCalibrationDone
                0x00010424                Chip_ADC_DeInit
                0x0001044c                Chip_ADC_SetClockRate
                0x00010484                Chip_ADC_SetSequencerBits
                0x000104cc                Chip_ADC_ClearSequencerBits
                0x00010514                Chip_ADC_EnableInt
                0x00010534                Chip_ADC_DisableInt
                0x00010554                Chip_ADC_SetThresholdInt
                0x000105a4                Chip_ADC_SelectTH0Channels
                0x000105c4                Chip_ADC_SelectTH1Channels
 .text          0x000105e4       0xf0 obj\debug\lpc_chip_11u6x\src\chip_11u6x.o
                0x00010668                SystemCoreClockUpdate
                0x00010680                Chip_USB_Init
 .text          0x000106d4      0x590 obj\debug\lpc_chip_11u6x\src\clock_11u6x.o
                0x000108a4                Chip_Clock_GetUSARTNBaseClockRate
                0x00010928                Chip_Clock_SetUSARTNBaseClockRate
                0x000109ac                Chip_Clock_SetSystemPLLSource
                0x000109d8                Chip_Clock_SetPLLBypass
                0x00010a20                Chip_Clock_SetUSBPLLSource
                0x00010a4c                Chip_Clock_SetMainClockSource
                0x00010a78                Chip_Clock_SetUSBClockSource
                0x00010ab4                Chip_Clock_SetCLKOUTSource
                0x00010af0                Chip_Clock_GetWDTOSCRate
                0x00010b0c                Chip_Clock_GetSystemPLLInClockRate
                0x00010b58                Chip_Clock_GetSystemPLLOutClockRate
                0x00010b7c                Chip_Clock_GetUSBPLLInClockRate
                0x00010bbc                Chip_Clock_GetUSBPLLOutClockRate
                0x00010be0                Chip_Clock_GetMainClockRate
                0x00010c40                Chip_Clock_GetSystemClockRate
 .text          0x00010c64      0x384 obj\debug\lpc_chip_11u6x\src\gpio_11u6x.o
                0x00010dfc                Chip_GPIO_Init
                0x00010e14                Chip_GPIO_DeInit
                0x00010e2c                Chip_GPIO_WriteDirBit
                0x00010eb4                Chip_GPIO_SetDir
                0x00010f40                Chip_GPIO_SetPinDIR
                0x00010f94                Chip_GPIO_SetPortDIR
 .text          0x00010fe8        0x0 obj\debug\lpc_chip_11u6x\src\gpiogroup_11u6x.o
 .text          0x00010fe8      0x164 obj\debug\lpc_chip_11u6x\src\iocon_11u6x.o
                0x00010fe8                Chip_IOCON_PinMuxSet
                0x00011078                Chip_IOCON_SetPinMuxing
                0x000110c8                Chip_IOCON_GetPinMux
 .text          0x0001114c      0x134 obj\debug\lpc_chip_11u6x\src\syscon_11u6x.o
                0x0001114c                Chip_SYSCTL_SetPinInterrupt
                0x000111a4                Chip_SYSCTL_SetDeepSleepPD
                0x000111cc                Chip_SYSCTL_SetWakeup
                0x000111f8                Chip_SYSCTL_PowerDown
                0x0001123c                Chip_SYSCTL_PowerUp
 .text          0x00011280      0x178 obj\debug\lpc_chip_11u6x\src\sysinit_11u6x.o
                0x00011320                Chip_SetupIrcClocking
                0x00011370                Chip_SetupXtalClocking
                0x000113dc                Chip_SystemInit
 .text          0x000113f8      0x1bc obj\debug\lpc_chip_11u6x\src\timer_11u6x.o
                0x000114bc                Chip_TIMER_Init
                0x000114dc                Chip_TIMER_DeInit
                0x000114fc                Chip_TIMER_Reset
                0x00011534                Chip_TIMER_ExtMatchControlSet
 .text          0x000115b4       0xf0 obj\debug\lpc_chip_11u6x\src\wwdt_11u6x.o
                0x00011618                Chip_WWDT_Init
                0x00011650                Chip_WWDT_DeInit
                0x00011668                Chip_WWDT_ClearStatusFlag
 .text          0x000116a4      0x610 obj\debug\src\main.o
                0x000119f0                sysTimeInit
                0x00011a3c                pwmConfig
                0x00011a98                TIMER32_0_IRQHandler
                0x00011b60                getTime
                0x00011b7c                initGpio
                0x00011c30                switchOutPin
                0x00011c74                main
 .text          0x00011cb4       0xdc obj\debug\startup_lpc11u68.o
                0x00011cb4                data_init
                0x00011cf4                bss_init
                0x00011d28                NMI_Handler
                0x00011d30                HardFault_Handler
                0x00011d38                MemManage_Handler
                0x00011d40                BusFault_Handler
                0x00011d48                UsageFault_Handler
                0x00011d50                SVC_Handler
                0x00011d58                DebugMon_Handler
                0x00011d60                PendSV_Handler
                0x00011d68                SysTick_Handler
                0x00011d70                TIMER32_1_IRQHandler
                0x00011d70                SCT0_1_IRQHandler
                0x00011d70                PIN_INT6_IRQHandler
                0x00011d70                IntDefaultHandler
                0x00011d70                PIN_INT4_IRQHandler
                0x00011d70                SSP0_IRQHandler
                0x00011d70                RTC_IRQHandler
                0x00011d70                USBWakeup_IRQHandler
                0x00011d70                ADCB_IRQHandler
                0x00011d70                USART0_IRQHandler
                0x00011d70                PIN_INT5_IRQHandler
                0x00011d70                PIN_INT2_IRQHandler
                0x00011d70                TIMER16_1_IRQHandler
                0x00011d70                USB_FIQHandler
                0x00011d70                USART1_4_IRQHandler
                0x00011d70                SSP1_IRQHandler
                0x00011d70                PIN_INT7_IRQHandler
                0x00011d70                BOD_WDT_IRQHandler
                0x00011d70                PIN_INT1_IRQHandler
                0x00011d70                USB_IRQHandler
                0x00011d70                I2C1_IRQHandler
                0x00011d70                I2C0_IRQHandler
                0x00011d70                USART2_3_IRQHandler
                0x00011d70                PIN_INT0_IRQHandler
                0x00011d70                GINT0_IRQHandler
                0x00011d70                DMA_IRQHandler
                0x00011d70                PIN_INT3_IRQHandler
                0x00011d70                TIMER16_0_IRQHandler
                0x00011d70                FMC_IRQHandler
                0x00011d70                GINT1_IRQHandler
                0x00011d70                ADCA_IRQHandler
                0x00011d78                __aeabi_atexit
 .text          0x00011d90      0x114 c:/program files (x86)/embitz/1.11/share/em_armgcc/bin/../lib/gcc/arm-none-eabi/5.4.1/armv6-m\libgcc.a(_udivsi3.o)
                0x00011d90                __aeabi_uidiv
                0x00011d90                __udivsi3
                0x00011e9c                __aeabi_uidivmod
 .text          0x00011ea4        0x4 c:/program files (x86)/embitz/1.11/share/em_armgcc/bin/../lib/gcc/arm-none-eabi/5.4.1/armv6-m\libgcc.a(_dvmd_tls.o)
                0x00011ea4                __aeabi_idiv0
                0x00011ea4                __aeabi_ldiv0
 .text          0x00011ea8       0x40 c:/program files (x86)/embitz/1.11/share/em_armgcc/bin/../lib/gcc/arm-none-eabi/5.4.1/armv6-m\libgcc.a(_aeabi_uldivmod.o)
                0x00011ea8                __aeabi_uldivmod
 .text          0x00011ee8      0x180 c:/program files (x86)/embitz/1.11/share/em_armgcc/bin/../lib/gcc/arm-none-eabi/5.4.1/armv6-m\libgcc.a(_udivmoddi4.o)
                0x00011ee8                __udivmoddi4
 .text          0x00012068       0x18 c:/program files (x86)/embitz/1.11/share/em_armgcc/bin/../lib/gcc/arm-none-eabi/5.4.1/armv6-m\libgcc.a(_clzdi2.o)
                0x00012068                __clzdi2
 .text          0x00012080       0x3c c:/program files (x86)/embitz/1.11/share/em_armgcc/bin/../lib/gcc/arm-none-eabi/5.4.1/armv6-m\libgcc.a(_clzsi2.o)
                0x00012080                __clzsi2
 .text          0x000120bc        0x0 c:/program files (x86)/embitz/1.11/share/em_armgcc/bin/../lib/gcc/arm-none-eabi/5.4.1/../../../../arm-none-eabi/lib/armv6-m\libg.a(lib_a-exit.o)
 .text.exit     0x000120bc       0x20 c:/program files (x86)/embitz/1.11/share/em_armgcc/bin/../lib/gcc/arm-none-eabi/5.4.1/../../../../arm-none-eabi/lib/armv6-m\libg.a(lib_a-exit.o)
                0x000120bc                exit
 .text          0x000120dc        0x0 c:/program files (x86)/embitz/1.11/share/em_armgcc/bin/../lib/gcc/arm-none-eabi/5.4.1/../../../../arm-none-eabi/lib/armv6-m\libg.a(lib_a-impure.o)
 .text          0x000120dc        0x0 c:/program files (x86)/embitz/1.11/share/em_armgcc/bin/../lib/gcc/arm-none-eabi/5.4.1/../../../../arm-none-eabi/lib/armv6-m\libg.a(lib_a-init.o)
 .text.__libc_init_array
                0x000120dc       0x48 c:/program files (x86)/embitz/1.11/share/em_armgcc/bin/../lib/gcc/arm-none-eabi/5.4.1/../../../../arm-none-eabi/lib/armv6-m\libg.a(lib_a-init.o)
                0x000120dc                __libc_init_array
 .text          0x00012124        0x0 c:/program files (x86)/embitz/1.11/share/em_armgcc/bin/../lib/gcc/arm-none-eabi/5.4.1/../../../../arm-none-eabi/lib/armv6-m\libg.a(lib_a-memcpy-stub.o)
 .text.memcpy   0x00012124       0x7c c:/program files (x86)/embitz/1.11/share/em_armgcc/bin/../lib/gcc/arm-none-eabi/5.4.1/../../../../arm-none-eabi/lib/armv6-m\libg.a(lib_a-memcpy-stub.o)
                0x00012124                memcpy
 .text          0x000121a0        0x0 c:/program files (x86)/embitz/1.11/share/em_armgcc/bin/../lib/gcc/arm-none-eabi/5.4.1/../../../../arm-none-eabi/lib/armv6-m\libg.a(lib_a-memset.o)
 .text.memset   0x000121a0       0x8c c:/program files (x86)/embitz/1.11/share/em_armgcc/bin/../lib/gcc/arm-none-eabi/5.4.1/../../../../arm-none-eabi/lib/armv6-m\libg.a(lib_a-memset.o)
                0x000121a0                memset
 .text          0x0001222c        0x0 c:/program files (x86)/embitz/1.11/share/em_armgcc/bin/../lib/gcc/arm-none-eabi/5.4.1/../../../../arm-none-eabi/lib/armv6-m\libg.a(lib_a-__call_atexit.o)
 .text.startup.register_fini
                0x0001222c       0x18 c:/program files (x86)/embitz/1.11/share/em_armgcc/bin/../lib/gcc/arm-none-eabi/5.4.1/../../../../arm-none-eabi/lib/armv6-m\libg.a(lib_a-__call_atexit.o)
 .text.__call_exitprocs
                0x00012244       0xfc c:/program files (x86)/embitz/1.11/share/em_armgcc/bin/../lib/gcc/arm-none-eabi/5.4.1/../../../../arm-none-eabi/lib/armv6-m\libg.a(lib_a-__call_atexit.o)
                0x00012244                __call_exitprocs
 .text          0x00012340        0x0 c:/program files (x86)/embitz/1.11/share/em_armgcc/bin/../lib/gcc/arm-none-eabi/5.4.1/../../../../arm-none-eabi/lib/armv6-m\libg.a(lib_a-atexit.o)
 .text.atexit   0x00012340       0x10 c:/program files (x86)/embitz/1.11/share/em_armgcc/bin/../lib/gcc/arm-none-eabi/5.4.1/../../../../arm-none-eabi/lib/armv6-m\libg.a(lib_a-atexit.o)
                0x00012340                atexit
 .text          0x00012350        0x0 c:/program files (x86)/embitz/1.11/share/em_armgcc/bin/../lib/gcc/arm-none-eabi/5.4.1/../../../../arm-none-eabi/lib/armv6-m\libg.a(lib_a-fini.o)
 .text.__libc_fini_array
                0x00012350       0x34 c:/program files (x86)/embitz/1.11/share/em_armgcc/bin/../lib/gcc/arm-none-eabi/5.4.1/../../../../arm-none-eabi/lib/armv6-m\libg.a(lib_a-fini.o)
                0x00012350                __libc_fini_array
 .text          0x00012384        0x0 c:/program files (x86)/embitz/1.11/share/em_armgcc/bin/../lib/gcc/arm-none-eabi/5.4.1/../../../../arm-none-eabi/lib/armv6-m\libg.a(lib_a-__atexit.o)
 .text.__register_exitproc
                0x00012384       0xd4 c:/program files (x86)/embitz/1.11/share/em_armgcc/bin/../lib/gcc/arm-none-eabi/5.4.1/../../../../arm-none-eabi/lib/armv6-m\libg.a(lib_a-__atexit.o)
                0x00012384                __register_exitproc
 .text          0x00012458        0x0 c:/program files (x86)/embitz/1.11/share/em_armgcc/bin/../lib/gcc/arm-none-eabi/5.4.1/../../../../arm-none-eabi/lib/armv6-m\libnosys.a(_exit.o)
 .text._exit    0x00012458        0x4 c:/program files (x86)/embitz/1.11/share/em_armgcc/bin/../lib/gcc/arm-none-eabi/5.4.1/../../../../arm-none-eabi/lib/armv6-m\libnosys.a(_exit.o)
                0x00012458                _exit
 .text          0x0001245c        0x0 c:/program files (x86)/embitz/1.11/share/em_armgcc/bin/../lib/gcc/arm-none-eabi/5.4.1/armv6-m/crtend.o
 .text          0x0001245c        0x0 c:/program files (x86)/embitz/1.11/share/em_armgcc/bin/../lib/gcc/arm-none-eabi/5.4.1/armv6-m/crtn.o
 *(.rodata .rodata.*)
 .rodata        0x0001245c       0x40 obj\debug\lpc_chip_11u6x\src\clock_11u6x.o
 .rodata        0x0001249c        0xc obj\debug\src\main.o
                0x0001249c                OscRateIn
                0x000124a0                RTCOscRateIn
 .rodata.str1.4
                0x000124a8        0x4 c:/program files (x86)/embitz/1.11/share/em_armgcc/bin/../lib/gcc/arm-none-eabi/5.4.1/../../../../arm-none-eabi/lib/armv6-m\libg.a(lib_a-impure.o)
                                  0x2 (size before relaxing)
 .rodata._global_impure_ptr
                0x000124ac        0x4 c:/program files (x86)/embitz/1.11/share/em_armgcc/bin/../lib/gcc/arm-none-eabi/5.4.1/../../../../arm-none-eabi/lib/armv6-m\libg.a(lib_a-impure.o)
                0x000124ac                _global_impure_ptr
                0x000124b0                . = ALIGN (0x4)
                0x000124b0                . = ALIGN (0x4)
 *(.init)
 .init          0x000124b0        0x4 c:/program files (x86)/embitz/1.11/share/em_armgcc/bin/../lib/gcc/arm-none-eabi/5.4.1/armv6-m/crti.o
                0x000124b0                _init
 .init          0x000124b4        0x8 c:/program files (x86)/embitz/1.11/share/em_armgcc/bin/../lib/gcc/arm-none-eabi/5.4.1/armv6-m/crtn.o
                0x000124bc                . = ALIGN (0x4)
                0x000124bc                __preinit_array_start = .
 *(.preinit_array)
                0x000124bc                __preinit_array_end = .
                0x000124bc                . = ALIGN (0x4)
                0x000124bc                __init_array_start = .
 *(SORT(.init_array.*))
 .init_array.00000
                0x000124bc        0x4 c:/program files (x86)/embitz/1.11/share/em_armgcc/bin/../lib/gcc/arm-none-eabi/5.4.1/../../../../arm-none-eabi/lib/armv6-m\libg.a(lib_a-__call_atexit.o)
 *(.init_array)
 .init_array    0x000124c0        0x4 c:/program files (x86)/embitz/1.11/share/em_armgcc/bin/../lib/gcc/arm-none-eabi/5.4.1/armv6-m/crtbegin.o
                0x000124c4                __init_array_end = .
 *(.fini)
 .fini          0x000124c4        0x4 c:/program files (x86)/embitz/1.11/share/em_armgcc/bin/../lib/gcc/arm-none-eabi/5.4.1/armv6-m/crti.o
                0x000124c4                _fini
 .fini          0x000124c8        0x8 c:/program files (x86)/embitz/1.11/share/em_armgcc/bin/../lib/gcc/arm-none-eabi/5.4.1/armv6-m/crtn.o
                0x000124d0                . = ALIGN (0x4)
 *crtbegin.o(.ctors)
 *(EXCLUDE_FILE(*crtend.o) .ctors)
 *(SORT(.ctors.*))
 *crtend.o(.ctors)
                0x000124d0                . = ALIGN (0x4)
 *crtbegin.o(.dtors)
 *(EXCLUDE_FILE(*crtend.o) .dtors)
 *(SORT(.dtors.*))
 *crtend.o(.dtors)

.glue_7         0x000124d0        0x0
 .glue_7        0x000124d0        0x0 linker stubs

.glue_7t        0x000124d0        0x0
 .glue_7t       0x000124d0        0x0 linker stubs

.vfp11_veneer   0x000124d0        0x0
 .vfp11_veneer  0x000124d0        0x0 linker stubs

.v4_bx          0x000124d0        0x0
 .v4_bx         0x000124d0        0x0 linker stubs

.iplt           0x000124d0        0x0
 .iplt          0x000124d0        0x0 c:/program files (x86)/embitz/1.11/share/em_armgcc/bin/../lib/gcc/arm-none-eabi/5.4.1/armv6-m/crtbegin.o

.ARM.extab      0x000124d0        0x0
 *(.ARM.extab* .gnu.linkonce.armextab.*)
 .ARM.extab     0x000124d0        0x0 c:/program files (x86)/embitz/1.11/share/em_armgcc/bin/../lib/gcc/arm-none-eabi/5.4.1/../../../../arm-none-eabi/lib/armv6-m/crt0.o
 .ARM.extab     0x000124d0        0x0 c:/program files (x86)/embitz/1.11/share/em_armgcc/bin/../lib/gcc/arm-none-eabi/5.4.1/armv6-m\libgcc.a(_udivmoddi4.o)
                0x000124d0                __exidx_start = .

.eh_frame       0x000124d0        0x4
 .eh_frame      0x000124d0        0x0 c:/program files (x86)/embitz/1.11/share/em_armgcc/bin/../lib/gcc/arm-none-eabi/5.4.1/armv6-m/crtbegin.o
 .eh_frame      0x000124d0        0x4 c:/program files (x86)/embitz/1.11/share/em_armgcc/bin/../lib/gcc/arm-none-eabi/5.4.1/armv6-m/crtend.o

.ARM.exidx      0x000124d4        0x8
 *(.ARM.exidx* .gnu.linkonce.armexidx.*)
 .ARM.exidx     0x000124d4        0x8 c:/program files (x86)/embitz/1.11/share/em_armgcc/bin/../lib/gcc/arm-none-eabi/5.4.1/../../../../arm-none-eabi/lib/armv6-m/crt0.o
 .ARM.exidx     0x000124dc        0x0 c:/program files (x86)/embitz/1.11/share/em_armgcc/bin/../lib/gcc/arm-none-eabi/5.4.1/armv6-m\libgcc.a(_udivmoddi4.o)
                                  0x8 (size before relaxing)
                0x000124dc                __exidx_end = .
                0x000124dc                _etext = .

.rel.dyn        0x000124dc        0x0
 .rel.iplt      0x000124dc        0x0 c:/program files (x86)/embitz/1.11/share/em_armgcc/bin/../lib/gcc/arm-none-eabi/5.4.1/armv6-m/crtbegin.o

.mtb_buffer_RAM2
 *(.mtb.$RAM2*)
 *(.mtb.$RAM1_2*)

.data_RAM2      0x20000000        0x0 load address 0x000124dc
 FILL mask 0xff
 *(.ramfunc.$RAM2)
 *(.ramfunc.$Ram1_2)
 *(.data.$RAM2*)
 *(.data.$Ram1_2*)
                0x20000000                . = ALIGN (0x4)

.mtb_buffer_RAM3
 *(.mtb.$RAM3*)
 *(.mtb.$RAM2USB_2*)

.data_RAM3      0x20004000        0x0 load address 0x000124dc
 FILL mask 0xff
 *(.ramfunc.$RAM3)
 *(.ramfunc.$Ram2USB_2)
 *(.data.$RAM3*)
 *(.data.$Ram2USB_2*)
                0x20004000                . = ALIGN (0x4)

.mtb_buffer_default
 *(.mtb*)

.uninit_RESERVED
                0x10000100        0x0
 *(.bss.$RESERVED*)
                0x10000100                . = ALIGN (0x4)
                0x10000100                _end_uninit_RESERVED = .

.data           0x10000100      0x43c load address 0x000124dc
 FILL mask 0xff
                0x10000100                _data = .
 *(vtable)
 *(.ramfunc*)
 *(.data*)
 .data          0x10000100        0x0 c:/program files (x86)/embitz/1.11/share/em_armgcc/bin/../lib/gcc/arm-none-eabi/5.4.1/armv6-m/crti.o
 .data          0x10000100        0x4 c:/program files (x86)/embitz/1.11/share/em_armgcc/bin/../lib/gcc/arm-none-eabi/5.4.1/armv6-m/crtbegin.o
                0x10000100                __dso_handle
 .data          0x10000104        0x0 c:/program files (x86)/embitz/1.11/share/em_armgcc/bin/../lib/gcc/arm-none-eabi/5.4.1/../../../../arm-none-eabi/lib/armv6-m/crt0.o
 .data          0x10000104        0x0 obj\debug\lpc_chip_11u6x\src\adc_11u6x.o
 .data          0x10000104        0x0 obj\debug\lpc_chip_11u6x\src\chip_11u6x.o
 .data          0x10000104        0x0 obj\debug\lpc_chip_11u6x\src\clock_11u6x.o
 .data          0x10000104        0x0 obj\debug\lpc_chip_11u6x\src\gpio_11u6x.o
 .data          0x10000104        0x0 obj\debug\lpc_chip_11u6x\src\gpiogroup_11u6x.o
 .data          0x10000104        0x0 obj\debug\lpc_chip_11u6x\src\iocon_11u6x.o
 .data          0x10000104        0x0 obj\debug\lpc_chip_11u6x\src\syscon_11u6x.o
 .data          0x10000104        0x0 obj\debug\lpc_chip_11u6x\src\sysinit_11u6x.o
 .data          0x10000104        0x0 obj\debug\lpc_chip_11u6x\src\timer_11u6x.o
 .data          0x10000104        0x0 obj\debug\lpc_chip_11u6x\src\wwdt_11u6x.o
 .data          0x10000104        0x9 obj\debug\src\main.o
                0x10000104                pwmPeriod
                0x10000108                sysTimeTimer
 .data          0x1000010d        0x0 obj\debug\startup_lpc11u68.o
 .data          0x1000010d        0x0 c:/program files (x86)/embitz/1.11/share/em_armgcc/bin/../lib/gcc/arm-none-eabi/5.4.1/armv6-m\libgcc.a(_udivsi3.o)
 .data          0x1000010d        0x0 c:/program files (x86)/embitz/1.11/share/em_armgcc/bin/../lib/gcc/arm-none-eabi/5.4.1/armv6-m\libgcc.a(_dvmd_tls.o)
 .data          0x1000010d        0x0 c:/program files (x86)/embitz/1.11/share/em_armgcc/bin/../lib/gcc/arm-none-eabi/5.4.1/armv6-m\libgcc.a(_aeabi_uldivmod.o)
 .data          0x1000010d        0x0 c:/program files (x86)/embitz/1.11/share/em_armgcc/bin/../lib/gcc/arm-none-eabi/5.4.1/armv6-m\libgcc.a(_udivmoddi4.o)
 .data          0x1000010d        0x0 c:/program files (x86)/embitz/1.11/share/em_armgcc/bin/../lib/gcc/arm-none-eabi/5.4.1/armv6-m\libgcc.a(_clzdi2.o)
 .data          0x1000010d        0x0 c:/program files (x86)/embitz/1.11/share/em_armgcc/bin/../lib/gcc/arm-none-eabi/5.4.1/armv6-m\libgcc.a(_clzsi2.o)
 .data          0x1000010d        0x0 c:/program files (x86)/embitz/1.11/share/em_armgcc/bin/../lib/gcc/arm-none-eabi/5.4.1/../../../../arm-none-eabi/lib/armv6-m\libg.a(lib_a-exit.o)
 .data          0x1000010d        0x0 c:/program files (x86)/embitz/1.11/share/em_armgcc/bin/../lib/gcc/arm-none-eabi/5.4.1/../../../../arm-none-eabi/lib/armv6-m\libg.a(lib_a-impure.o)
 *fill*         0x1000010d        0x3 ff
 .data.impure_data
                0x10000110      0x428 c:/program files (x86)/embitz/1.11/share/em_armgcc/bin/../lib/gcc/arm-none-eabi/5.4.1/../../../../arm-none-eabi/lib/armv6-m\libg.a(lib_a-impure.o)
 .data._impure_ptr
                0x10000538        0x4 c:/program files (x86)/embitz/1.11/share/em_armgcc/bin/../lib/gcc/arm-none-eabi/5.4.1/../../../../arm-none-eabi/lib/armv6-m\libg.a(lib_a-impure.o)
                0x10000538                _impure_ptr
 .data          0x1000053c        0x0 c:/program files (x86)/embitz/1.11/share/em_armgcc/bin/../lib/gcc/arm-none-eabi/5.4.1/../../../../arm-none-eabi/lib/armv6-m\libg.a(lib_a-init.o)
 .data          0x1000053c        0x0 c:/program files (x86)/embitz/1.11/share/em_armgcc/bin/../lib/gcc/arm-none-eabi/5.4.1/../../../../arm-none-eabi/lib/armv6-m\libg.a(lib_a-memcpy-stub.o)
 .data          0x1000053c        0x0 c:/program files (x86)/embitz/1.11/share/em_armgcc/bin/../lib/gcc/arm-none-eabi/5.4.1/../../../../arm-none-eabi/lib/armv6-m\libg.a(lib_a-memset.o)
 .data          0x1000053c        0x0 c:/program files (x86)/embitz/1.11/share/em_armgcc/bin/../lib/gcc/arm-none-eabi/5.4.1/../../../../arm-none-eabi/lib/armv6-m\libg.a(lib_a-__call_atexit.o)
 .data          0x1000053c        0x0 c:/program files (x86)/embitz/1.11/share/em_armgcc/bin/../lib/gcc/arm-none-eabi/5.4.1/../../../../arm-none-eabi/lib/armv6-m\libg.a(lib_a-atexit.o)
 .data          0x1000053c        0x0 c:/program files (x86)/embitz/1.11/share/em_armgcc/bin/../lib/gcc/arm-none-eabi/5.4.1/../../../../arm-none-eabi/lib/armv6-m\libg.a(lib_a-fini.o)
 .data          0x1000053c        0x0 c:/program files (x86)/embitz/1.11/share/em_armgcc/bin/../lib/gcc/arm-none-eabi/5.4.1/../../../../arm-none-eabi/lib/armv6-m\libg.a(lib_a-__atexit.o)
 .data          0x1000053c        0x0 c:/program files (x86)/embitz/1.11/share/em_armgcc/bin/../lib/gcc/arm-none-eabi/5.4.1/../../../../arm-none-eabi/lib/armv6-m\libnosys.a(_exit.o)
 .data          0x1000053c        0x0 c:/program files (x86)/embitz/1.11/share/em_armgcc/bin/../lib/gcc/arm-none-eabi/5.4.1/armv6-m/crtend.o
 .data          0x1000053c        0x0 c:/program files (x86)/embitz/1.11/share/em_armgcc/bin/../lib/gcc/arm-none-eabi/5.4.1/armv6-m/crtn.o
                0x1000053c                . = ALIGN (0x4)
                0x1000053c                _edata = .

.fini_array     0x1000053c        0x4 load address 0x00012918
 .fini_array    0x1000053c        0x4 c:/program files (x86)/embitz/1.11/share/em_armgcc/bin/../lib/gcc/arm-none-eabi/5.4.1/armv6-m/crtbegin.o

.jcr            0x10000540        0x4 load address 0x0001291c
 .jcr           0x10000540        0x0 c:/program files (x86)/embitz/1.11/share/em_armgcc/bin/../lib/gcc/arm-none-eabi/5.4.1/armv6-m/crtbegin.o
 .jcr           0x10000540        0x4 c:/program files (x86)/embitz/1.11/share/em_armgcc/bin/../lib/gcc/arm-none-eabi/5.4.1/armv6-m/crtend.o

.igot.plt       0x10000544        0x0 load address 0x00012920
 .igot.plt      0x10000544        0x0 c:/program files (x86)/embitz/1.11/share/em_armgcc/bin/../lib/gcc/arm-none-eabi/5.4.1/armv6-m/crtbegin.o

.bss_RAM2       0x20000000        0x0
 *(.bss.$RAM2*)
 *(.bss.$Ram1_2*)
                0x20000000                . = ALIGN (0x4)

.bss_RAM3       0x20004000        0x0
 *(.bss.$RAM3*)
 *(.bss.$Ram2USB_2*)
                0x20004000                . = ALIGN (0x4)

.bss            0x10000544       0x24
                0x10000544                _bss = .
 *(.bss*)
 .bss           0x10000544        0x0 c:/program files (x86)/embitz/1.11/share/em_armgcc/bin/../lib/gcc/arm-none-eabi/5.4.1/armv6-m/crti.o
 .bss           0x10000544       0x1c c:/program files (x86)/embitz/1.11/share/em_armgcc/bin/../lib/gcc/arm-none-eabi/5.4.1/armv6-m/crtbegin.o
 .bss           0x10000560        0x0 c:/program files (x86)/embitz/1.11/share/em_armgcc/bin/../lib/gcc/arm-none-eabi/5.4.1/../../../../arm-none-eabi/lib/armv6-m/crt0.o
 .bss           0x10000560        0x0 obj\debug\lpc_chip_11u6x\src\adc_11u6x.o
 .bss           0x10000560        0x0 obj\debug\lpc_chip_11u6x\src\chip_11u6x.o
 .bss           0x10000560        0x0 obj\debug\lpc_chip_11u6x\src\clock_11u6x.o
 .bss           0x10000560        0x0 obj\debug\lpc_chip_11u6x\src\gpio_11u6x.o
 .bss           0x10000560        0x0 obj\debug\lpc_chip_11u6x\src\gpiogroup_11u6x.o
 .bss           0x10000560        0x0 obj\debug\lpc_chip_11u6x\src\iocon_11u6x.o
 .bss           0x10000560        0x0 obj\debug\lpc_chip_11u6x\src\syscon_11u6x.o
 .bss           0x10000560        0x0 obj\debug\lpc_chip_11u6x\src\sysinit_11u6x.o
 .bss           0x10000560        0x0 obj\debug\lpc_chip_11u6x\src\timer_11u6x.o
 .bss           0x10000560        0x0 obj\debug\lpc_chip_11u6x\src\wwdt_11u6x.o
 .bss           0x10000560        0x3 obj\debug\src\main.o
 .bss           0x10000563        0x0 obj\debug\startup_lpc11u68.o
 .bss           0x10000563        0x0 c:/program files (x86)/embitz/1.11/share/em_armgcc/bin/../lib/gcc/arm-none-eabi/5.4.1/armv6-m\libgcc.a(_udivsi3.o)
 .bss           0x10000563        0x0 c:/program files (x86)/embitz/1.11/share/em_armgcc/bin/../lib/gcc/arm-none-eabi/5.4.1/armv6-m\libgcc.a(_dvmd_tls.o)
 .bss           0x10000563        0x0 c:/program files (x86)/embitz/1.11/share/em_armgcc/bin/../lib/gcc/arm-none-eabi/5.4.1/armv6-m\libgcc.a(_aeabi_uldivmod.o)
 .bss           0x10000563        0x0 c:/program files (x86)/embitz/1.11/share/em_armgcc/bin/../lib/gcc/arm-none-eabi/5.4.1/armv6-m\libgcc.a(_udivmoddi4.o)
 .bss           0x10000563        0x0 c:/program files (x86)/embitz/1.11/share/em_armgcc/bin/../lib/gcc/arm-none-eabi/5.4.1/armv6-m\libgcc.a(_clzdi2.o)
 .bss           0x10000563        0x0 c:/program files (x86)/embitz/1.11/share/em_armgcc/bin/../lib/gcc/arm-none-eabi/5.4.1/armv6-m\libgcc.a(_clzsi2.o)
 .bss           0x10000563        0x0 c:/program files (x86)/embitz/1.11/share/em_armgcc/bin/../lib/gcc/arm-none-eabi/5.4.1/../../../../arm-none-eabi/lib/armv6-m\libg.a(lib_a-exit.o)
 .bss           0x10000563        0x0 c:/program files (x86)/embitz/1.11/share/em_armgcc/bin/../lib/gcc/arm-none-eabi/5.4.1/../../../../arm-none-eabi/lib/armv6-m\libg.a(lib_a-impure.o)
 .bss           0x10000563        0x0 c:/program files (x86)/embitz/1.11/share/em_armgcc/bin/../lib/gcc/arm-none-eabi/5.4.1/../../../../arm-none-eabi/lib/armv6-m\libg.a(lib_a-init.o)
 .bss           0x10000563        0x0 c:/program files (x86)/embitz/1.11/share/em_armgcc/bin/../lib/gcc/arm-none-eabi/5.4.1/../../../../arm-none-eabi/lib/armv6-m\libg.a(lib_a-memcpy-stub.o)
 .bss           0x10000563        0x0 c:/program files (x86)/embitz/1.11/share/em_armgcc/bin/../lib/gcc/arm-none-eabi/5.4.1/../../../../arm-none-eabi/lib/armv6-m\libg.a(lib_a-memset.o)
 .bss           0x10000563        0x0 c:/program files (x86)/embitz/1.11/share/em_armgcc/bin/../lib/gcc/arm-none-eabi/5.4.1/../../../../arm-none-eabi/lib/armv6-m\libg.a(lib_a-__call_atexit.o)
 .bss           0x10000563        0x0 c:/program files (x86)/embitz/1.11/share/em_armgcc/bin/../lib/gcc/arm-none-eabi/5.4.1/../../../../arm-none-eabi/lib/armv6-m\libg.a(lib_a-atexit.o)
 .bss           0x10000563        0x0 c:/program files (x86)/embitz/1.11/share/em_armgcc/bin/../lib/gcc/arm-none-eabi/5.4.1/../../../../arm-none-eabi/lib/armv6-m\libg.a(lib_a-fini.o)
 .bss           0x10000563        0x0 c:/program files (x86)/embitz/1.11/share/em_armgcc/bin/../lib/gcc/arm-none-eabi/5.4.1/../../../../arm-none-eabi/lib/armv6-m\libg.a(lib_a-__atexit.o)
 .bss           0x10000563        0x0 c:/program files (x86)/embitz/1.11/share/em_armgcc/bin/../lib/gcc/arm-none-eabi/5.4.1/../../../../arm-none-eabi/lib/armv6-m\libnosys.a(_exit.o)
 .bss           0x10000563        0x0 c:/program files (x86)/embitz/1.11/share/em_armgcc/bin/../lib/gcc/arm-none-eabi/5.4.1/armv6-m/crtend.o
 .bss           0x10000563        0x0 c:/program files (x86)/embitz/1.11/share/em_armgcc/bin/../lib/gcc/arm-none-eabi/5.4.1/armv6-m/crtn.o
 *(COMMON)
 *fill*         0x10000563        0x1 
 COMMON         0x10000564        0x4 obj\debug\lpc_chip_11u6x\src\chip_11u6x.o
                0x10000564                SystemCoreClock
                0x10000568                . = ALIGN (0x4)
                0x10000568                _ebss = .
                [!provide]                PROVIDE (end, .)
                0x10000568                __end__ = .

.noinit_RAM2    0x20000000        0x0
 *(.noinit.$RAM2*)
 *(.noinit.$Ram1_2*)
                0x20000000                . = ALIGN (0x4)

.noinit_RAM3    0x20004000        0x0
 *(.noinit.$RAM3*)
 *(.noinit.$Ram2USB_2*)
                0x20004000                . = ALIGN (0x4)

.noinit         0x10000568        0x0
                0x10000568                _noinit = .
 *(.noinit*)
                0x10000568                . = ALIGN (0x4)
                0x10000568                _end_noinit = .
                [!provide]                PROVIDE (_pvHeapStart, .)
                0x10008000                PROVIDE (_vStackTop, (__top_Ram0_32 - 0x0))
LOAD obj\debug\lpc_chip_11u6x\src\adc_11u6x.o
LOAD obj\debug\lpc_chip_11u6x\src\chip_11u6x.o
LOAD obj\debug\lpc_chip_11u6x\src\clock_11u6x.o
LOAD obj\debug\lpc_chip_11u6x\src\gpio_11u6x.o
LOAD obj\debug\lpc_chip_11u6x\src\gpiogroup_11u6x.o
LOAD obj\debug\lpc_chip_11u6x\src\iocon_11u6x.o
LOAD obj\debug\lpc_chip_11u6x\src\syscon_11u6x.o
LOAD obj\debug\lpc_chip_11u6x\src\sysinit_11u6x.o
LOAD obj\debug\lpc_chip_11u6x\src\timer_11u6x.o
LOAD obj\debug\lpc_chip_11u6x\src\wwdt_11u6x.o
LOAD obj\debug\src\main.o
LOAD obj\debug\startup_lpc11u68.o
START GROUP
LOAD c:/program files (x86)/embitz/1.11/share/em_armgcc/bin/../lib/gcc/arm-none-eabi/5.4.1/armv6-m\libgcc.a
LOAD c:/program files (x86)/embitz/1.11/share/em_armgcc/bin/../lib/gcc/arm-none-eabi/5.4.1/../../../../arm-none-eabi/lib/armv6-m\libg.a
LOAD c:/program files (x86)/embitz/1.11/share/em_armgcc/bin/../lib/gcc/arm-none-eabi/5.4.1/../../../../arm-none-eabi/lib/armv6-m\libc.a
END GROUP
START GROUP
LOAD c:/program files (x86)/embitz/1.11/share/em_armgcc/bin/../lib/gcc/arm-none-eabi/5.4.1/armv6-m\libgcc.a
LOAD c:/program files (x86)/embitz/1.11/share/em_armgcc/bin/../lib/gcc/arm-none-eabi/5.4.1/../../../../arm-none-eabi/lib/armv6-m\libc.a
LOAD c:/program files (x86)/embitz/1.11/share/em_armgcc/bin/../lib/gcc/arm-none-eabi/5.4.1/../../../../arm-none-eabi/lib/armv6-m\libnosys.a
END GROUP
LOAD c:/program files (x86)/embitz/1.11/share/em_armgcc/bin/../lib/gcc/arm-none-eabi/5.4.1/armv6-m/crtend.o
LOAD c:/program files (x86)/embitz/1.11/share/em_armgcc/bin/../lib/gcc/arm-none-eabi/5.4.1/armv6-m/crtn.o
OUTPUT(bin\Debug\proPSUBootloader.elf elf32-littlearm)

.ARM.attributes
                0x00000000       0x28
 .ARM.attributes
                0x00000000       0x1e c:/program files (x86)/embitz/1.11/share/em_armgcc/bin/../lib/gcc/arm-none-eabi/5.4.1/armv6-m/crti.o
 .ARM.attributes
                0x0000001e       0x2c c:/program files (x86)/embitz/1.11/share/em_armgcc/bin/../lib/gcc/arm-none-eabi/5.4.1/armv6-m/crtbegin.o
 .ARM.attributes
                0x0000004a       0x1b c:/program files (x86)/embitz/1.11/share/em_armgcc/bin/../lib/gcc/arm-none-eabi/5.4.1/../../../../arm-none-eabi/lib/armv6-m/crt0.o
 .ARM.attributes
                0x00000065       0x31 obj\debug\lpc_chip_11u6x\src\adc_11u6x.o
 .ARM.attributes
                0x00000096       0x31 obj\debug\lpc_chip_11u6x\src\chip_11u6x.o
 .ARM.attributes
                0x000000c7       0x31 obj\debug\lpc_chip_11u6x\src\clock_11u6x.o
 .ARM.attributes
                0x000000f8       0x31 obj\debug\lpc_chip_11u6x\src\gpio_11u6x.o
 .ARM.attributes
                0x00000129       0x31 obj\debug\lpc_chip_11u6x\src\gpiogroup_11u6x.o
 .ARM.attributes
                0x0000015a       0x31 obj\debug\lpc_chip_11u6x\src\iocon_11u6x.o
 .ARM.attributes
                0x0000018b       0x31 obj\debug\lpc_chip_11u6x\src\syscon_11u6x.o
 .ARM.attributes
                0x000001bc       0x31 obj\debug\lpc_chip_11u6x\src\sysinit_11u6x.o
 .ARM.attributes
                0x000001ed       0x31 obj\debug\lpc_chip_11u6x\src\timer_11u6x.o
 .ARM.attributes
                0x0000021e       0x31 obj\debug\lpc_chip_11u6x\src\wwdt_11u6x.o
 .ARM.attributes
                0x0000024f       0x31 obj\debug\src\main.o
 .ARM.attributes
                0x00000280       0x31 obj\debug\startup_lpc11u68.o
 .ARM.attributes
                0x000002b1       0x1e c:/program files (x86)/embitz/1.11/share/em_armgcc/bin/../lib/gcc/arm-none-eabi/5.4.1/armv6-m\libgcc.a(_udivsi3.o)
 .ARM.attributes
                0x000002cf       0x1e c:/program files (x86)/embitz/1.11/share/em_armgcc/bin/../lib/gcc/arm-none-eabi/5.4.1/armv6-m\libgcc.a(_dvmd_tls.o)
 .ARM.attributes
                0x000002ed       0x1e c:/program files (x86)/embitz/1.11/share/em_armgcc/bin/../lib/gcc/arm-none-eabi/5.4.1/armv6-m\libgcc.a(_aeabi_uldivmod.o)
 .ARM.attributes
                0x0000030b       0x2c c:/program files (x86)/embitz/1.11/share/em_armgcc/bin/../lib/gcc/arm-none-eabi/5.4.1/armv6-m\libgcc.a(_udivmoddi4.o)
 .ARM.attributes
                0x00000337       0x1e c:/program files (x86)/embitz/1.11/share/em_armgcc/bin/../lib/gcc/arm-none-eabi/5.4.1/armv6-m\libgcc.a(_clzdi2.o)
 .ARM.attributes
                0x00000355       0x1e c:/program files (x86)/embitz/1.11/share/em_armgcc/bin/../lib/gcc/arm-none-eabi/5.4.1/armv6-m\libgcc.a(_clzsi2.o)
 .ARM.attributes
                0x00000373       0x2c c:/program files (x86)/embitz/1.11/share/em_armgcc/bin/../lib/gcc/arm-none-eabi/5.4.1/../../../../arm-none-eabi/lib/armv6-m\libg.a(lib_a-exit.o)
 .ARM.attributes
                0x0000039f       0x2c c:/program files (x86)/embitz/1.11/share/em_armgcc/bin/../lib/gcc/arm-none-eabi/5.4.1/../../../../arm-none-eabi/lib/armv6-m\libg.a(lib_a-impure.o)
 .ARM.attributes
                0x000003cb       0x2c c:/program files (x86)/embitz/1.11/share/em_armgcc/bin/../lib/gcc/arm-none-eabi/5.4.1/../../../../arm-none-eabi/lib/armv6-m\libg.a(lib_a-init.o)
 .ARM.attributes
                0x000003f7       0x2c c:/program files (x86)/embitz/1.11/share/em_armgcc/bin/../lib/gcc/arm-none-eabi/5.4.1/../../../../arm-none-eabi/lib/armv6-m\libg.a(lib_a-memcpy-stub.o)
 .ARM.attributes
                0x00000423       0x2c c:/program files (x86)/embitz/1.11/share/em_armgcc/bin/../lib/gcc/arm-none-eabi/5.4.1/../../../../arm-none-eabi/lib/armv6-m\libg.a(lib_a-memset.o)
 .ARM.attributes
                0x0000044f       0x2c c:/program files (x86)/embitz/1.11/share/em_armgcc/bin/../lib/gcc/arm-none-eabi/5.4.1/../../../../arm-none-eabi/lib/armv6-m\libg.a(lib_a-__call_atexit.o)
 .ARM.attributes
                0x0000047b       0x2c c:/program files (x86)/embitz/1.11/share/em_armgcc/bin/../lib/gcc/arm-none-eabi/5.4.1/../../../../arm-none-eabi/lib/armv6-m\libg.a(lib_a-atexit.o)
 .ARM.attributes
                0x000004a7       0x2c c:/program files (x86)/embitz/1.11/share/em_armgcc/bin/../lib/gcc/arm-none-eabi/5.4.1/../../../../arm-none-eabi/lib/armv6-m\libg.a(lib_a-fini.o)
 .ARM.attributes
                0x000004d3       0x2c c:/program files (x86)/embitz/1.11/share/em_armgcc/bin/../lib/gcc/arm-none-eabi/5.4.1/../../../../arm-none-eabi/lib/armv6-m\libg.a(lib_a-__atexit.o)
 .ARM.attributes
                0x000004ff       0x2c c:/program files (x86)/embitz/1.11/share/em_armgcc/bin/../lib/gcc/arm-none-eabi/5.4.1/../../../../arm-none-eabi/lib/armv6-m\libnosys.a(_exit.o)
 .ARM.attributes
                0x0000052b       0x2c c:/program files (x86)/embitz/1.11/share/em_armgcc/bin/../lib/gcc/arm-none-eabi/5.4.1/armv6-m/crtend.o
 .ARM.attributes
                0x00000557       0x1e c:/program files (x86)/embitz/1.11/share/em_armgcc/bin/../lib/gcc/arm-none-eabi/5.4.1/armv6-m/crtn.o

.comment        0x00000000       0x6e
 .comment       0x00000000       0x6e obj\debug\lpc_chip_11u6x\src\adc_11u6x.o
                                 0x6f (size before relaxing)
 .comment       0x0000006e       0x6f obj\debug\lpc_chip_11u6x\src\chip_11u6x.o
 .comment       0x0000006e       0x6f obj\debug\lpc_chip_11u6x\src\clock_11u6x.o
 .comment       0x0000006e       0x6f obj\debug\lpc_chip_11u6x\src\gpio_11u6x.o
 .comment       0x0000006e       0x6f obj\debug\lpc_chip_11u6x\src\gpiogroup_11u6x.o
 .comment       0x0000006e       0x6f obj\debug\lpc_chip_11u6x\src\iocon_11u6x.o
 .comment       0x0000006e       0x6f obj\debug\lpc_chip_11u6x\src\syscon_11u6x.o
 .comment       0x0000006e       0x6f obj\debug\lpc_chip_11u6x\src\sysinit_11u6x.o
 .comment       0x0000006e       0x6f obj\debug\lpc_chip_11u6x\src\timer_11u6x.o
 .comment       0x0000006e       0x6f obj\debug\lpc_chip_11u6x\src\wwdt_11u6x.o
 .comment       0x0000006e       0x6f obj\debug\src\main.o
 .comment       0x0000006e       0x6f obj\debug\startup_lpc11u68.o

.debug_info     0x00000000     0x61ce
 .debug_info    0x00000000      0xb97 obj\debug\lpc_chip_11u6x\src\adc_11u6x.o
 .debug_info    0x00000b97      0x80a obj\debug\lpc_chip_11u6x\src\chip_11u6x.o
 .debug_info    0x000013a1      0xce6 obj\debug\lpc_chip_11u6x\src\clock_11u6x.o
 .debug_info    0x00002087      0x9fc obj\debug\lpc_chip_11u6x\src\gpio_11u6x.o
 .debug_info    0x00002a83       0xae obj\debug\lpc_chip_11u6x\src\gpiogroup_11u6x.o
 .debug_info    0x00002b31      0x2fa obj\debug\lpc_chip_11u6x\src\iocon_11u6x.o
 .debug_info    0x00002e2b      0x63a obj\debug\lpc_chip_11u6x\src\syscon_11u6x.o
 .debug_info    0x00003465      0x803 obj\debug\lpc_chip_11u6x\src\sysinit_11u6x.o
 .debug_info    0x00003c68      0x8b7 obj\debug\lpc_chip_11u6x\src\timer_11u6x.o
 .debug_info    0x0000451f      0x753 obj\debug\lpc_chip_11u6x\src\wwdt_11u6x.o
 .debug_info    0x00004c72     0x1159 obj\debug\src\main.o
 .debug_info    0x00005dcb      0x403 obj\debug\startup_lpc11u68.o

.debug_abbrev   0x00000000     0x11e4
 .debug_abbrev  0x00000000      0x1bc obj\debug\lpc_chip_11u6x\src\adc_11u6x.o
 .debug_abbrev  0x000001bc      0x16c obj\debug\lpc_chip_11u6x\src\chip_11u6x.o
 .debug_abbrev  0x00000328      0x269 obj\debug\lpc_chip_11u6x\src\clock_11u6x.o
 .debug_abbrev  0x00000591      0x175 obj\debug\lpc_chip_11u6x\src\gpio_11u6x.o
 .debug_abbrev  0x00000706       0x4e obj\debug\lpc_chip_11u6x\src\gpiogroup_11u6x.o
 .debug_abbrev  0x00000754      0x153 obj\debug\lpc_chip_11u6x\src\iocon_11u6x.o
 .debug_abbrev  0x000008a7       0xdd obj\debug\lpc_chip_11u6x\src\syscon_11u6x.o
 .debug_abbrev  0x00000984      0x1a8 obj\debug\lpc_chip_11u6x\src\sysinit_11u6x.o
 .debug_abbrev  0x00000b2c      0x195 obj\debug\lpc_chip_11u6x\src\timer_11u6x.o
 .debug_abbrev  0x00000cc1      0x14c obj\debug\lpc_chip_11u6x\src\wwdt_11u6x.o
 .debug_abbrev  0x00000e0d      0x28e obj\debug\src\main.o
 .debug_abbrev  0x0000109b      0x149 obj\debug\startup_lpc11u68.o

.debug_aranges  0x00000000      0x180
 .debug_aranges
                0x00000000       0x20 obj\debug\lpc_chip_11u6x\src\adc_11u6x.o
 .debug_aranges
                0x00000020       0x20 obj\debug\lpc_chip_11u6x\src\chip_11u6x.o
 .debug_aranges
                0x00000040       0x20 obj\debug\lpc_chip_11u6x\src\clock_11u6x.o
 .debug_aranges
                0x00000060       0x20 obj\debug\lpc_chip_11u6x\src\gpio_11u6x.o
 .debug_aranges
                0x00000080       0x18 obj\debug\lpc_chip_11u6x\src\gpiogroup_11u6x.o
 .debug_aranges
                0x00000098       0x20 obj\debug\lpc_chip_11u6x\src\iocon_11u6x.o
 .debug_aranges
                0x000000b8       0x20 obj\debug\lpc_chip_11u6x\src\syscon_11u6x.o
 .debug_aranges
                0x000000d8       0x20 obj\debug\lpc_chip_11u6x\src\sysinit_11u6x.o
 .debug_aranges
                0x000000f8       0x20 obj\debug\lpc_chip_11u6x\src\timer_11u6x.o
 .debug_aranges
                0x00000118       0x20 obj\debug\lpc_chip_11u6x\src\wwdt_11u6x.o
 .debug_aranges
                0x00000138       0x20 obj\debug\src\main.o
 .debug_aranges
                0x00000158       0x28 obj\debug\startup_lpc11u68.o

.debug_macro    0x00000000     0x44cf
 .debug_macro   0x00000000      0x201 obj\debug\lpc_chip_11u6x\src\adc_11u6x.o
 .debug_macro   0x00000201      0x82c obj\debug\lpc_chip_11u6x\src\adc_11u6x.o
 .debug_macro   0x00000a2d       0x22 obj\debug\lpc_chip_11u6x\src\adc_11u6x.o
 .debug_macro   0x00000a4f       0x87 obj\debug\lpc_chip_11u6x\src\adc_11u6x.o
 .debug_macro   0x00000ad6       0x44 obj\debug\lpc_chip_11u6x\src\adc_11u6x.o
 .debug_macro   0x00000b1a       0xfd obj\debug\lpc_chip_11u6x\src\adc_11u6x.o
 .debug_macro   0x00000c17       0x5e obj\debug\lpc_chip_11u6x\src\adc_11u6x.o
 .debug_macro   0x00000c75      0x1df obj\debug\lpc_chip_11u6x\src\adc_11u6x.o
 .debug_macro   0x00000e54       0x22 obj\debug\lpc_chip_11u6x\src\adc_11u6x.o
 .debug_macro   0x00000e76       0x66 obj\debug\lpc_chip_11u6x\src\adc_11u6x.o
 .debug_macro   0x00000edc       0x10 obj\debug\lpc_chip_11u6x\src\adc_11u6x.o
 .debug_macro   0x00000eec       0x26 obj\debug\lpc_chip_11u6x\src\adc_11u6x.o
 .debug_macro   0x00000f12       0x3a obj\debug\lpc_chip_11u6x\src\adc_11u6x.o
 .debug_macro   0x00000f4c       0x1f obj\debug\lpc_chip_11u6x\src\adc_11u6x.o
 .debug_macro   0x00000f6b      0x250 obj\debug\lpc_chip_11u6x\src\adc_11u6x.o
 .debug_macro   0x000011bb      0x17e obj\debug\lpc_chip_11u6x\src\adc_11u6x.o
 .debug_macro   0x00001339       0xca obj\debug\lpc_chip_11u6x\src\adc_11u6x.o
 .debug_macro   0x00001403       0x18 obj\debug\lpc_chip_11u6x\src\adc_11u6x.o
 .debug_macro   0x0000141b       0x5e obj\debug\lpc_chip_11u6x\src\adc_11u6x.o
 .debug_macro   0x00001479       0x6a obj\debug\lpc_chip_11u6x\src\adc_11u6x.o
 .debug_macro   0x000014e3       0x70 obj\debug\lpc_chip_11u6x\src\adc_11u6x.o
 .debug_macro   0x00001553       0x34 obj\debug\lpc_chip_11u6x\src\adc_11u6x.o
 .debug_macro   0x00001587      0x10d obj\debug\lpc_chip_11u6x\src\adc_11u6x.o
 .debug_macro   0x00001694       0x10 obj\debug\lpc_chip_11u6x\src\adc_11u6x.o
 .debug_macro   0x000016a4       0xac obj\debug\lpc_chip_11u6x\src\adc_11u6x.o
 .debug_macro   0x00001750       0x40 obj\debug\lpc_chip_11u6x\src\adc_11u6x.o
 .debug_macro   0x00001790       0x6a obj\debug\lpc_chip_11u6x\src\adc_11u6x.o
 .debug_macro   0x000017fa       0x64 obj\debug\lpc_chip_11u6x\src\adc_11u6x.o
 .debug_macro   0x0000185e       0x1c obj\debug\lpc_chip_11u6x\src\adc_11u6x.o
 .debug_macro   0x0000187a       0x4c obj\debug\lpc_chip_11u6x\src\adc_11u6x.o
 .debug_macro   0x000018c6       0x16 obj\debug\lpc_chip_11u6x\src\adc_11u6x.o
 .debug_macro   0x000018dc      0x2fb obj\debug\lpc_chip_11u6x\src\adc_11u6x.o
 .debug_macro   0x00001bd7      0x112 obj\debug\lpc_chip_11u6x\src\adc_11u6x.o
 .debug_macro   0x00001ce9       0xb8 obj\debug\lpc_chip_11u6x\src\adc_11u6x.o
 .debug_macro   0x00001da1      0x201 obj\debug\lpc_chip_11u6x\src\adc_11u6x.o
 .debug_macro   0x00001fa2      0x152 obj\debug\lpc_chip_11u6x\src\adc_11u6x.o
 .debug_macro   0x000020f4      0x18a obj\debug\lpc_chip_11u6x\src\adc_11u6x.o
 .debug_macro   0x0000227e       0x88 obj\debug\lpc_chip_11u6x\src\adc_11u6x.o
 .debug_macro   0x00002306       0x40 obj\debug\lpc_chip_11u6x\src\adc_11u6x.o
 .debug_macro   0x00002346       0x16 obj\debug\lpc_chip_11u6x\src\adc_11u6x.o
 .debug_macro   0x0000235c       0xd2 obj\debug\lpc_chip_11u6x\src\adc_11u6x.o
 .debug_macro   0x0000242e       0x3a obj\debug\lpc_chip_11u6x\src\adc_11u6x.o
 .debug_macro   0x00002468       0x42 obj\debug\lpc_chip_11u6x\src\adc_11u6x.o
 .debug_macro   0x000024aa       0x10 obj\debug\lpc_chip_11u6x\src\adc_11u6x.o
 .debug_macro   0x000024ba      0x201 obj\debug\lpc_chip_11u6x\src\chip_11u6x.o
 .debug_macro   0x000026bb      0x201 obj\debug\lpc_chip_11u6x\src\clock_11u6x.o
 .debug_macro   0x000028bc      0x201 obj\debug\lpc_chip_11u6x\src\gpio_11u6x.o
 .debug_macro   0x00002abd      0x201 obj\debug\lpc_chip_11u6x\src\gpiogroup_11u6x.o
 .debug_macro   0x00002cbe      0x201 obj\debug\lpc_chip_11u6x\src\iocon_11u6x.o
 .debug_macro   0x00002ebf      0x22b obj\debug\lpc_chip_11u6x\src\syscon_11u6x.o
 .debug_macro   0x000030ea      0x201 obj\debug\lpc_chip_11u6x\src\sysinit_11u6x.o
 .debug_macro   0x000032eb      0x201 obj\debug\lpc_chip_11u6x\src\timer_11u6x.o
 .debug_macro   0x000034ec      0x201 obj\debug\lpc_chip_11u6x\src\wwdt_11u6x.o
 .debug_macro   0x000036ed      0x240 obj\debug\src\main.o
 .debug_macro   0x0000392d       0x20 obj\debug\src\main.o
 .debug_macro   0x0000394d       0x2e obj\debug\src\main.o
 .debug_macro   0x0000397b      0x2d9 obj\debug\startup_lpc11u68.o
 .debug_macro   0x00003c54       0x52 obj\debug\startup_lpc11u68.o
 .debug_macro   0x00003ca6       0x35 obj\debug\startup_lpc11u68.o
 .debug_macro   0x00003cdb       0x9c obj\debug\startup_lpc11u68.o
 .debug_macro   0x00003d77       0x16 obj\debug\startup_lpc11u68.o
 .debug_macro   0x00003d8d      0x10e obj\debug\startup_lpc11u68.o
 .debug_macro   0x00003e9b       0x8d obj\debug\startup_lpc11u68.o
 .debug_macro   0x00003f28       0x52 obj\debug\startup_lpc11u68.o
 .debug_macro   0x00003f7a       0x1f obj\debug\startup_lpc11u68.o
 .debug_macro   0x00003f99       0x43 obj\debug\startup_lpc11u68.o
 .debug_macro   0x00003fdc       0x20 obj\debug\startup_lpc11u68.o
 .debug_macro   0x00003ffc      0x187 obj\debug\startup_lpc11u68.o
 .debug_macro   0x00004183      0x30d obj\debug\startup_lpc11u68.o
 .debug_macro   0x00004490       0x16 obj\debug\startup_lpc11u68.o
 .debug_macro   0x000044a6       0x29 obj\debug\startup_lpc11u68.o

.debug_line     0x00000000     0x3a4f
 .debug_line    0x00000000      0x4d6 obj\debug\lpc_chip_11u6x\src\adc_11u6x.o
 .debug_line    0x000004d6      0x4a7 obj\debug\lpc_chip_11u6x\src\chip_11u6x.o
 .debug_line    0x0000097d      0x52a obj\debug\lpc_chip_11u6x\src\clock_11u6x.o
 .debug_line    0x00000ea7      0x4ca obj\debug\lpc_chip_11u6x\src\gpio_11u6x.o
 .debug_line    0x00001371      0x478 obj\debug\lpc_chip_11u6x\src\gpiogroup_11u6x.o
 .debug_line    0x000017e9      0x4bb obj\debug\lpc_chip_11u6x\src\iocon_11u6x.o
 .debug_line    0x00001ca4      0x499 obj\debug\lpc_chip_11u6x\src\syscon_11u6x.o
 .debug_line    0x0000213d      0x4d6 obj\debug\lpc_chip_11u6x\src\sysinit_11u6x.o
 .debug_line    0x00002613      0x4b4 obj\debug\lpc_chip_11u6x\src\timer_11u6x.o
 .debug_line    0x00002ac7      0x49d obj\debug\lpc_chip_11u6x\src\wwdt_11u6x.o
 .debug_line    0x00002f64      0x558 obj\debug\src\main.o
 .debug_line    0x000034bc      0x593 obj\debug\startup_lpc11u68.o

.debug_str      0x00000000     0xe5ce
 .debug_str     0x00000000     0xa224 obj\debug\lpc_chip_11u6x\src\adc_11u6x.o
                               0xa3d1 (size before relaxing)
 .debug_str     0x0000a224      0x34c obj\debug\lpc_chip_11u6x\src\chip_11u6x.o
                               0xa427 (size before relaxing)
 .debug_str     0x0000a570      0x7c0 obj\debug\lpc_chip_11u6x\src\clock_11u6x.o
                               0xa89a (size before relaxing)
 .debug_str     0x0000ad30      0x142 obj\debug\lpc_chip_11u6x\src\gpio_11u6x.o
                               0xa266 (size before relaxing)
 .debug_str     0x0000ae72       0x25 obj\debug\lpc_chip_11u6x\src\gpiogroup_11u6x.o
                               0x9b9e (size before relaxing)
 .debug_str     0x0000ae97       0xd6 obj\debug\lpc_chip_11u6x\src\iocon_11u6x.o
                               0x9c66 (size before relaxing)
 .debug_str     0x0000af6d      0x1ce obj\debug\lpc_chip_11u6x\src\syscon_11u6x.o
                               0xa003 (size before relaxing)
 .debug_str     0x0000b13b      0x16e obj\debug\lpc_chip_11u6x\src\sysinit_11u6x.o
                               0xa08f (size before relaxing)
 .debug_str     0x0000b2a9      0x15c obj\debug\lpc_chip_11u6x\src\timer_11u6x.o
                               0xa27f (size before relaxing)
 .debug_str     0x0000b405       0x86 obj\debug\lpc_chip_11u6x\src\wwdt_11u6x.o
                               0xa19a (size before relaxing)
 .debug_str     0x0000b48b      0x4f8 obj\debug\src\main.o
                               0xa87e (size before relaxing)
 .debug_str     0x0000b983     0x2c4b obj\debug\startup_lpc11u68.o
                               0xca12 (size before relaxing)

.debug_frame    0x00000000     0x1290
 .debug_frame   0x00000000      0x270 obj\debug\lpc_chip_11u6x\src\adc_11u6x.o
 .debug_frame   0x00000270       0xa4 obj\debug\lpc_chip_11u6x\src\chip_11u6x.o
 .debug_frame   0x00000314      0x394 obj\debug\lpc_chip_11u6x\src\clock_11u6x.o
 .debug_frame   0x000006a8      0x190 obj\debug\lpc_chip_11u6x\src\gpio_11u6x.o
 .debug_frame   0x00000838       0x70 obj\debug\lpc_chip_11u6x\src\iocon_11u6x.o
 .debug_frame   0x000008a8       0xb0 obj\debug\lpc_chip_11u6x\src\syscon_11u6x.o
 .debug_frame   0x00000958       0xe4 obj\debug\lpc_chip_11u6x\src\sysinit_11u6x.o
 .debug_frame   0x00000a3c       0xf0 obj\debug\lpc_chip_11u6x\src\timer_11u6x.o
 .debug_frame   0x00000b2c       0xb0 obj\debug\lpc_chip_11u6x\src\wwdt_11u6x.o
 .debug_frame   0x00000bdc      0x300 obj\debug\src\main.o
 .debug_frame   0x00000edc      0x1a8 obj\debug\startup_lpc11u68.o
 .debug_frame   0x00001084       0x20 c:/program files (x86)/embitz/1.11/share/em_armgcc/bin/../lib/gcc/arm-none-eabi/5.4.1/armv6-m\libgcc.a(_udivsi3.o)
 .debug_frame   0x000010a4       0x3c c:/program files (x86)/embitz/1.11/share/em_armgcc/bin/../lib/gcc/arm-none-eabi/5.4.1/armv6-m\libgcc.a(_udivmoddi4.o)
 .debug_frame   0x000010e0       0x28 c:/program files (x86)/embitz/1.11/share/em_armgcc/bin/../lib/gcc/arm-none-eabi/5.4.1/../../../../arm-none-eabi/lib/armv6-m\libg.a(lib_a-exit.o)
 .debug_frame   0x00001108       0x2c c:/program files (x86)/embitz/1.11/share/em_armgcc/bin/../lib/gcc/arm-none-eabi/5.4.1/../../../../arm-none-eabi/lib/armv6-m\libg.a(lib_a-init.o)
 .debug_frame   0x00001134       0x2c c:/program files (x86)/embitz/1.11/share/em_armgcc/bin/../lib/gcc/arm-none-eabi/5.4.1/../../../../arm-none-eabi/lib/armv6-m\libg.a(lib_a-memcpy-stub.o)
 .debug_frame   0x00001160       0x2c c:/program files (x86)/embitz/1.11/share/em_armgcc/bin/../lib/gcc/arm-none-eabi/5.4.1/../../../../arm-none-eabi/lib/armv6-m\libg.a(lib_a-memset.o)
 .debug_frame   0x0000118c       0x54 c:/program files (x86)/embitz/1.11/share/em_armgcc/bin/../lib/gcc/arm-none-eabi/5.4.1/../../../../arm-none-eabi/lib/armv6-m\libg.a(lib_a-__call_atexit.o)
 .debug_frame   0x000011e0       0x28 c:/program files (x86)/embitz/1.11/share/em_armgcc/bin/../lib/gcc/arm-none-eabi/5.4.1/../../../../arm-none-eabi/lib/armv6-m\libg.a(lib_a-atexit.o)
 .debug_frame   0x00001208       0x2c c:/program files (x86)/embitz/1.11/share/em_armgcc/bin/../lib/gcc/arm-none-eabi/5.4.1/../../../../arm-none-eabi/lib/armv6-m\libg.a(lib_a-fini.o)
 .debug_frame   0x00001234       0x3c c:/program files (x86)/embitz/1.11/share/em_armgcc/bin/../lib/gcc/arm-none-eabi/5.4.1/../../../../arm-none-eabi/lib/armv6-m\libg.a(lib_a-__atexit.o)
 .debug_frame   0x00001270       0x20 c:/program files (x86)/embitz/1.11/share/em_armgcc/bin/../lib/gcc/arm-none-eabi/5.4.1/../../../../arm-none-eabi/lib/armv6-m\libnosys.a(_exit.o)

.debug_ranges   0x00000000       0x18
 .debug_ranges  0x00000000       0x18 obj\debug\startup_lpc11u68.o
